Component: ARM Compiler 5.05 update 1 (build 106) Tool: armlink [4d0efa]

==============================================================================

Section Cross References

    can1.o(.text) refers to stm32f4xx_rcc.o(.text) for RCC_AHB1PeriphClockCmd
    can1.o(.text) refers to stm32f4xx_gpio.o(.text) for GPIO_PinAFConfig
    can1.o(.text) refers to misc.o(.text) for NVIC_Init
    can1.o(.text) refers to stm32f4xx_can.o(.text) for CAN_DeInit
    can1.o(.text) refers to can1.o(.bss) for Real_Angle_Value
    can1.o(.text) refers to dipanctl.o(.bss) for angle_expect_wheel
    can1.o(.text) refers to can1.o(.data) for Can1_receive_date_flag
    dipanint.o(.text) refers to can1.o(.text) for CAN1_Configuration
    dipanint.o(.text) refers to can1.o(.data) for Can1_receive_date_flag
    dipanctl.o(.text) refers to f2d.o(x$fpl$f2d) for __aeabi_f2d
    dipanctl.o(.text) refers to dmul.o(x$fpl$dmul) for __aeabi_dmul
    dipanctl.o(.text) refers to d2f.o(x$fpl$d2f) for __aeabi_d2f
    dipanctl.o(.text) refers to mymath.o(.text) for my_abs
    dipanctl.o(.text) refers to tasks.o(.text) for xTaskGetTickCount
    dipanctl.o(.text) refers to iwdg.o(.text) for IWDG_Feed
    dipanctl.o(.text) refers to mpu9250.o(.data) for mid_mpu_9250_yaw_angle
    dipanctl.o(.text) refers to dipanctl.o(.data) for DFVRGypoPID
    dipanctl.o(.text) refers to dipanctl.o(.bss) for DMPidOutPut
    dipanctl.o(.text) refers to can1.o(.bss) for Real_Speed_Value
    dipanctl.o(.text) refers to scheduler.o(.data) for secTime
    dipanctl.o(.text) refers to yuntaictl.o(.data) for YunTaiControlModel
    dipanctl.o(.text) refers to sbus.o(.bss) for decode_the_key
    dipanctl.o(.text) refers to yuntaiint.o(.data) for YawCenterValue
    dipanctl.o(.text) refers to can2.o(.data) for Yaw_Angle_Value
    dipanctl.o(.text) refers to pid_regulator.o(.text) for PID_Calc
    dipanctl.o(.text) refers to drleqf.o(x$fpl$drleqf) for __aeabi_cdrcmple
    dipanctl.o(.text) refers to dleqf.o(x$fpl$dleqf) for __aeabi_cdcmple
    dipanctl.o(.text) refers to sbus.o(.data) for radio_yaw
    dipanctl.o(.text) refers to filter.o(.text) for GetMedianNum
    dipanctl.o(.text) refers to can1.o(.text) for Underpan_Cmd_ESC
    can2.o(.text) refers to stm32f4xx_rcc.o(.text) for RCC_AHB1PeriphClockCmd
    can2.o(.text) refers to stm32f4xx_gpio.o(.text) for GPIO_PinAFConfig
    can2.o(.text) refers to misc.o(.text) for NVIC_Init
    can2.o(.text) refers to stm32f4xx_can.o(.text) for CAN_DeInit
    can2.o(.text) refers to can1.o(.text) for Can1EncoderProcess
    can2.o(.text) refers to can2.o(.data) for Can2_Real_Angle_Value
    can2.o(.text) refers to can2.o(.bss) for Can2_Real_Position_Value
    can2.o(.text) refers to can1.o(.bss) for Real_Angle_Value
    can2.o(.text) refers to can1.o(.data) for Gun_Real_Angle_Value
    can2.o(.text) refers to stm32f4xx_tim.o(.text) for TIM_TimeBaseInit
    yuntaiint.o(.text) refers to can2.o(.text) for CAN2_Configuration
    yuntaiint.o(.text) refers to yuntaiint.o(.data) for YawInitFlag
    yuntaiint.o(.text) refers to can2.o(.data) for Can2_receive_date_flag
    yuntaictl.o(.text) refers to pid_regulator.o(.text) for PID_Calc
    yuntaictl.o(.text) refers to mymath.o(.text) for my_abs
    yuntaictl.o(.text) refers to f2d.o(x$fpl$f2d) for __aeabi_f2d
    yuntaictl.o(.text) refers to dmul.o(x$fpl$dmul) for __aeabi_dmul
    yuntaictl.o(.text) refers to daddsub_clz.o(x$fpl$dadd) for __aeabi_dadd
    yuntaictl.o(.text) refers to d2f.o(x$fpl$d2f) for __aeabi_d2f
    yuntaictl.o(.text) refers to dleqf.o(x$fpl$dleqf) for __aeabi_cdcmple
    yuntaictl.o(.text) refers to weapon.o(.text) for BLForwardTurn
    yuntaictl.o(.text) refers to yuntaictl.o(.data) for div
    yuntaictl.o(.text) refers to mpu9250.o(.data) for mid_mpu_9250_yaw_angle
    yuntaictl.o(.text) refers to usart3.o(.data) for UartAuxiFlag
    yuntaictl.o(.text) refers to sbus.o(.data) for buff_init_angle_yaw
    yuntaictl.o(.text) refers to scheduler.o(.data) for secTime
    yuntaictl.o(.text) refers to judgesystemn.o(.data) for have_shoot
    yuntaictl.o(.text) refers to weapon.o(.data) for MCLSwitch
    yuntaictl.o(.text) refers to usart3.o(.text) for SendToPc
    yuntaictl.o(.text) refers to can2.o(.text) for Yuntai_Yaw_Cmd_ESC
    yuntaictl.o(.text) refers to delay.o(.text) for delay_ms
    yuntaictl.o(.text) refers to dflt_clz.o(x$fpl$dflt) for __aeabi_i2d
    yuntaictl.o(.text) refers to drleqf.o(x$fpl$drleqf) for __aeabi_cdrcmple
    yuntaictl.o(.text) refers to can2.o(.data) for Yaw_Angle_Value
    yuntaictl.o(.text) refers to yuntaiint.o(.data) for YawCenterValue
    main.o(.text) refers to init.o(.text) for ctrl_Init
    main.o(.text) refers to tasks.o(.text) for xTaskGenericCreate
    main.o(.text) refers to main.o(.data) for all_init
    main.o(.text) refers to scheduler.o(.text) for start_task
    stm32f4xx_it.o(.text) refers to stm32f4xx_it.o(.emb_text) for wait
    scheduler.o(.text) refers to can2.o(.text) for Yuntai_Yaw_Cmd_ESC
[...]
    CAN_SlaveStartBank                       0x08006511   Thumb Code    48  stm32f4xx_can.o(.text)
    CAN_DBGFreeze                            0x08006541   Thumb Code    22  stm32f4xx_can.o(.text)
    CAN_TTComModeCmd                         0x08006557   Thumb Code   118  stm32f4xx_can.o(.text)
    CAN_Transmit                             0x080065cd   Thumb Code   304  stm32f4xx_can.o(.text)
    CAN_TransmitStatus                       0x080066fd   Thumb Code   138  stm32f4xx_can.o(.text)
    CAN_CancelTransmit                       0x08006787   Thumb Code    48  stm32f4xx_can.o(.text)
    CAN_Receive                              0x080067b7   Thumb Code   240  stm32f4xx_can.o(.text)
    CAN_FIFORelease                          0x080068a7   Thumb Code    22  stm32f4xx_can.o(.text)
    CAN_MessagePending                       0x080068bd   Thumb Code    30  stm32f4xx_can.o(.text)
    CAN_OperatingModeRequest                 0x080068db   Thumb Code   162  stm32f4xx_can.o(.text)
    CAN_Sleep                                0x0800697d   Thumb Code    30  stm32f4xx_can.o(.text)
    CAN_WakeUp                               0x0800699b   Thumb Code    48  stm32f4xx_can.o(.text)
    CAN_GetLastErrorCode                     0x080069cb   Thumb Code    12  stm32f4xx_can.o(.text)
    CAN_GetReceiveErrorCounter               0x080069d7   Thumb Code    10  stm32f4xx_can.o(.text)
    CAN_GetLSBTransmitErrorCounter           0x080069e1   Thumb Code    12  stm32f4xx_can.o(.text)
    CAN_ITConfig                             0x080069ed   Thumb Code    18  stm32f4xx_can.o(.text)
    CAN_GetFlagStatus                        0x080069ff   Thumb Code   120  stm32f4xx_can.o(.text)
    CAN_ClearFlag                            0x08006a77   Thumb Code    52  stm32f4xx_can.o(.text)
    CAN_GetITStatus                          0x08006abd   Thumb Code   310  stm32f4xx_can.o(.text)
    CAN_ClearITPendingBit                    0x08006bf3   Thumb Code   162  stm32f4xx_can.o(.text)
    EXTI_DeInit                              0x08006c99   Thumb Code    28  stm32f4xx_exti.o(.text)
    EXTI_Init                                0x08006cb5   Thumb Code   142  stm32f4xx_exti.o(.text)
    EXTI_StructInit                          0x08006d43   Thumb Code    16  stm32f4xx_exti.o(.text)
    EXTI_GenerateSWInterrupt                 0x08006d53   Thumb Code    16  stm32f4xx_exti.o(.text)
    EXTI_GetFlagStatus                       0x08006d63   Thumb Code    22  stm32f4xx_exti.o(.text)
    EXTI_ClearFlag                           0x08006d79   Thumb Code     8  stm32f4xx_exti.o(.text)
    EXTI_GetITStatus                         0x08006d81   Thumb Code    34  stm32f4xx_exti.o(.text)
    EXTI_ClearITPendingBit                   0x08006da3   Thumb Code     8  stm32f4xx_exti.o(.text)
    GPIO_DeInit                              0x08006db5   Thumb Code   268  stm32f4xx_gpio.o(.text)
    GPIO_Init                                0x08006ec1   Thumb Code   144  stm32f4xx_gpio.o(.text)
    GPIO_StructInit                          0x08006f51   Thumb Code    18  stm32f4xx_gpio.o(.text)
    GPIO_PinLockConfig                       0x08006f63   Thumb Code    34  stm32f4xx_gpio.o(.text)
    GPIO_ReadInputDataBit                    0x08006f85   Thumb Code    18  stm32f4xx_gpio.o(.text)
    GPIO_ReadInputData                       0x08006f97   Thumb Code     8  stm32f4xx_gpio.o(.text)
    GPIO_ReadOutputDataBit                   0x08006f9f   Thumb Code    18  stm32f4xx_gpio.o(.text)
    GPIO_ReadOutputData                      0x08006fb1   Thumb Code     8  stm32f4xx_gpio.o(.text)
    GPIO_SetBits                             0x08006fb9   Thumb Code     4  stm32f4xx_gpio.o(.text)
    GPIO_ResetBits                           0x08006fbd   Thumb Code     4  stm32f4xx_gpio.o(.text)
    GPIO_WriteBit                            0x08006fc1   Thumb Code    10  stm32f4xx_gpio.o(.text)
    GPIO_Write                               0x08006fcb   Thumb Code     4  stm32f4xx_gpio.o(.text)
    GPIO_ToggleBits                          0x08006fcf   Thumb Code     8  stm32f4xx_gpio.o(.text)
    GPIO_PinAFConfig                         0x08006fd7   Thumb Code    70  stm32f4xx_gpio.o(.text)
    DMA_DeInit                               0x08007049   Thumb Code   324  stm32f4xx_dma.o(.text)
    DMA_Init                                 0x0800718d   Thumb Code    82  stm32f4xx_dma.o(.text)
    DMA_StructInit                           0x080071df   Thumb Code    34  stm32f4xx_dma.o(.text)
    DMA_Cmd                                  0x08007201   Thumb Code    22  stm32f4xx_dma.o(.text)
    DMA_PeriphIncOffsetSizeConfig            0x08007217   Thumb Code    22  stm32f4xx_dma.o(.text)
    DMA_FlowControllerConfig                 0x0800722d   Thumb Code    22  stm32f4xx_dma.o(.text)
    DMA_SetCurrDataCounter                   0x08007243   Thumb Code     4  stm32f4xx_dma.o(.text)
    DMA_GetCurrDataCounter                   0x08007247   Thumb Code     8  stm32f4xx_dma.o(.text)
    DMA_DoubleBufferModeConfig               0x0800724f   Thumb Code    24  stm32f4xx_dma.o(.text)
    DMA_DoubleBufferModeCmd                  0x08007267   Thumb Code    22  stm32f4xx_dma.o(.text)
    DMA_MemoryTargetConfig                   0x0800727d   Thumb Code    10  stm32f4xx_dma.o(.text)
    DMA_GetCurrentMemoryTarget               0x08007287   Thumb Code    20  stm32f4xx_dma.o(.text)
    DMA_GetCmdStatus                         0x0800729b   Thumb Code    20  stm32f4xx_dma.o(.text)
    DMA_GetFIFOStatus                        0x080072af   Thumb Code    12  stm32f4xx_dma.o(.text)
    DMA_GetFlagStatus                        0x080072bb   Thumb Code    56  stm32f4xx_dma.o(.text)
    DMA_ClearFlag                            0x080072f3   Thumb Code    40  stm32f4xx_dma.o(.text)
    DMA_ITConfig                             0x0800731b   Thumb Code    58  stm32f4xx_dma.o(.text)
    DMA_GetITStatus                          0x08007355   Thumb Code    84  stm32f4xx_dma.o(.text)
    DMA_ClearITPendingBit                    0x080073a9   Thumb Code    40  stm32f4xx_dma.o(.text)
    USART_DeInit                             0x080073f1   Thumb Code   156  stm32f4xx_usart.o(.text)
    USART_Init                               0x0800748d   Thumb Code   204  stm32f4xx_usart.o(.text)
    USART_StructInit                         0x08007559   Thumb Code    24  stm32f4xx_usart.o(.text)
    USART_ClockInit                          0x08007571   Thumb Code    32  stm32f4xx_usart.o(.text)
    USART_ClockStructInit                    0x08007591   Thumb Code    12  stm32f4xx_usart.o(.text)
    USART_Cmd                                0x0800759d   Thumb Code    24  stm32f4xx_usart.o(.text)
    USART_SetPrescaler                       0x080075b5   Thumb Code    16  stm32f4xx_usart.o(.text)
    USART_OverSampling8Cmd                   0x080075c5   Thumb Code    22  stm32f4xx_usart.o(.text)
    USART_OneBitMethodCmd                    0x080075db   Thumb Code    24  stm32f4xx_usart.o(.text)
    USART_SendData                           0x080075f3   Thumb Code     8  stm32f4xx_usart.o(.text)
    USART_ReceiveData                        0x080075fb   Thumb Code    10  stm32f4xx_usart.o(.text)
    USART_SetAddress                         0x08007605   Thumb Code    18  stm32f4xx_usart.o(.text)
    USART_ReceiverWakeUpCmd                  0x08007617   Thumb Code    24  stm32f4xx_usart.o(.text)
    USART_WakeUpConfig                       0x0800762f   Thumb Code    18  stm32f4xx_usart.o(.text)
    USART_LINBreakDetectLengthConfig         0x08007641   Thumb Code    18  stm32f4xx_usart.o(.text)
    USART_LINCmd                             0x08007653   Thumb Code    24  stm32f4xx_usart.o(.text)
    USART_SendBreak                          0x0800766b   Thumb Code    10  stm32f4xx_usart.o(.text)
    USART_HalfDuplexCmd                      0x08007675   Thumb Code    24  stm32f4xx_usart.o(.text)
    USART_SetGuardTime                       0x0800768d   Thumb Code    16  stm32f4xx_usart.o(.text)
    USART_SmartCardCmd                       0x0800769d   Thumb Code    24  stm32f4xx_usart.o(.text)
    USART_SmartCardNACKCmd                   0x080076b5   Thumb Code    24  stm32f4xx_usart.o(.text)
    USART_IrDAConfig                         0x080076cd   Thumb Code    18  stm32f4xx_usart.o(.text)
    USART_IrDACmd                            0x080076df   Thumb Code    24  stm32f4xx_usart.o(.text)
    USART_DMACmd                             0x080076f7   Thumb Code    18  stm32f4xx_usart.o(.text)
    USART_ITConfig                           0x08007709   Thumb Code    74  stm32f4xx_usart.o(.text)
    USART_GetFlagStatus                      0x08007753   Thumb Code    26  stm32f4xx_usart.o(.text)
    USART_ClearFlag                          0x0800776d   Thumb Code    18  stm32f4xx_usart.o(.text)
    USART_GetITStatus                        0x0800777f   Thumb Code   110  stm32f4xx_usart.o(.text)
    USART_ClearITPendingBit                  0x080077ed   Thumb Code    30  stm32f4xx_usart.o(.text)
    SYSCFG_DeInit                            0x0800780d   Thumb Code    22  stm32f4xx_syscfg.o(.text)
    SYSCFG_MemoryRemapConfig                 0x08007823   Thumb Code     6  stm32f4xx_syscfg.o(.text)
    SYSCFG_EXTILineConfig                    0x08007829   Thumb Code    66  stm32f4xx_syscfg.o(.text)
    SYSCFG_ETH_MediaInterfaceConfig          0x0800786b   Thumb Code     6  stm32f4xx_syscfg.o(.text)
    SYSCFG_CompensationCellCmd               0x08007871   Thumb Code     6  stm32f4xx_syscfg.o(.text)
    SYSCFG_GetCompensationCellStatus         0x08007877   Thumb Code    22  stm32f4xx_syscfg.o(.text)
    IWDG_WriteAccessCmd                      0x08007899   Thumb Code     6  stm32f4xx_iwdg.o(.text)
    IWDG_SetPrescaler                        0x0800789f   Thumb Code     6  stm32f4xx_iwdg.o(.text)
    IWDG_SetReload                           0x080078a5   Thumb Code     6  stm32f4xx_iwdg.o(.text)
    IWDG_ReloadCounter                       0x080078ab   Thumb Code    10  stm32f4xx_iwdg.o(.text)
    IWDG_Enable                              0x080078b5   Thumb Code    10  stm32f4xx_iwdg.o(.text)
    IWDG_GetFlagStatus                       0x080078bf   Thumb Code    20  stm32f4xx_iwdg.o(.text)
    SPI_I2S_DeInit                           0x080078d9   Thumb Code   152  stm32f4xx_spi.o(.text)
    SPI_Init                                 0x08007971   Thumb Code    60  stm32f4xx_spi.o(.text)
    I2S_Init                                 0x080079ad   Thumb Code   396  stm32f4xx_spi.o(.text)
    SPI_StructInit                           0x08007b39   Thumb Code    24  stm32f4xx_spi.o(.text)
    I2S_StructInit                           0x08007b51   Thumb Code    20  stm32f4xx_spi.o(.text)
    SPI_Cmd                                  0x08007b65   Thumb Code    24  stm32f4xx_spi.o(.text)
    I2S_Cmd                                  0x08007b7d   Thumb Code    24  stm32f4xx_spi.o(.text)
    SPI_DataSizeConfig                       0x08007b95   Thumb Code    18  stm32f4xx_spi.o(.text)
    SPI_BiDirectionalLineConfig              0x08007ba7   Thumb Code    28  stm32f4xx_spi.o(.text)
    SPI_NSSInternalSoftwareConfig            0x08007bc3   Thumb Code    30  stm32f4xx_spi.o(.text)
    SPI_SSOutputCmd                          0x08007be1   Thumb Code    24  stm32f4xx_spi.o(.text)
    SPI_TIModeCmd                            0x08007bf9   Thumb Code    24  stm32f4xx_spi.o(.text)
    I2S_FullDuplexConfig                     0x08007c11   Thumb Code    80  stm32f4xx_spi.o(.text)
    SPI_I2S_ReceiveData                      0x08007c61   Thumb Code     6  stm32f4xx_spi.o(.text)
    SPI_I2S_SendData                         0x08007c67   Thumb Code     4  stm32f4xx_spi.o(.text)
    SPI_CalculateCRC                         0x08007c6b   Thumb Code    24  stm32f4xx_spi.o(.text)
    SPI_TransmitCRC                          0x08007c83   Thumb Code    10  stm32f4xx_spi.o(.text)
    SPI_GetCRC                               0x08007c8d   Thumb Code    16  stm32f4xx_spi.o(.text)
    SPI_GetCRCPolynomial                     0x08007c9d   Thumb Code     6  stm32f4xx_spi.o(.text)
    SPI_I2S_DMACmd                           0x08007ca3   Thumb Code    18  stm32f4xx_spi.o(.text)
    SPI_I2S_ITConfig                         0x08007cb5   Thumb Code    68  stm32f4xx_spi.o(.text)
    SPI_I2S_GetFlagStatus                    0x08007cf9   Thumb Code    18  stm32f4xx_spi.o(.text)
    SPI_I2S_ClearFlag                        0x08007d0b   Thumb Code     6  stm32f4xx_spi.o(.text)
    SPI_I2S_GetITStatus                      0x08007d11   Thumb Code    52  stm32f4xx_spi.o(.text)
    SPI_I2S_ClearITPendingBit                0x08007d45   Thumb Code    20  stm32f4xx_spi.o(.text)
    Reset_Handler                            0x08007d59   Thumb Code     8  startup_stm32f427xx.o(.text)
    ADC_IRQHandler                           0x08007d73   Thumb Code     0  startup_stm32f427xx.o(.text)
    CAN1_RX1_IRQHandler                      0x08007d73   Thumb Code     0  startup_stm32f427xx.o(.text)
    CAN1_SCE_IRQHandler                      0x08007d73   Thumb Code     0  startup_stm32f427xx.o(.text)
    CAN2_RX1_IRQHandler                      0x08007d73   Thumb Code     0  startup_stm32f427xx.o(.text)
    CAN2_SCE_IRQHandler                      0x08007d73   Thumb Code     0  startup_stm32f427xx.o(.text)
    CAN2_TX_IRQHandler                       0x08007d73   Thumb Code     0  startup_stm32f427xx.o(.text)
    DCMI_IRQHandler                          0x08007d73   Thumb Code     0  startup_stm32f427xx.o(.text)
    DMA1_Stream0_IRQHandler                  0x08007d73   Thumb Code     0  startup_stm32f427xx.o(.text)
    DMA1_Stream1_IRQHandler                  0x08007d73   Thumb Code     0  startup_stm32f427xx.o(.text)
    DMA1_Stream2_IRQHandler                  0x08007d73   Thumb Code     0  startup_stm32f427xx.o(.text)
    DMA1_Stream3_IRQHandler                  0x08007d73   Thumb Code     0  startup_stm32f427xx.o(.text)
    DMA1_Stream4_IRQHandler                  0x08007d73   Thumb Code     0  startup_stm32f427xx.o(.text)
    DMA1_Stream6_IRQHandler                  0x08007d73   Thumb Code     0  startup_stm32f427xx.o(.text)
    DMA1_Stream7_IRQHandler                  0x08007d73   Thumb Code     0  startup_stm32f427xx.o(.text)
    DMA2D_IRQHandler                         0x08007d73   Thumb Code     0  startup_stm32f427xx.o(.text)
    DMA2_Stream0_IRQHandler                  0x08007d73   Thumb Code     0  startup_stm32f427xx.o(.text)
    DMA2_Stream1_IRQHandler                  0x08007d73   Thumb Code     0  startup_stm32f427xx.o(.text)
    DMA2_Stream3_IRQHandler                  0x08007d73   Thumb Code     0  startup_stm32f427xx.o(.text)
    DMA2_Stream4_IRQHandler                  0x08007d73   Thumb Code     0  startup_stm32f427xx.o(.text)
    DMA2_Stream5_IRQHandler                  0x08007d73   Thumb Code     0  startup_stm32f427xx.o(.text)
    DMA2_Stream6_IRQHandler                  0x08007d73   Thumb Code     0  startup_stm32f427xx.o(.text)
    DMA2_Stream7_IRQHandler                  0x08007d73   Thumb Code     0  startup_stm32f427xx.o(.text)
    ETH_IRQHandler                           0x08007d73   Thumb Code     0  startup_stm32f427xx.o(.text)
    ETH_WKUP_IRQHandler                      0x08007d73   Thumb Code     0  startup_stm32f427xx.o(.text)
    EXTI0_IRQHandler                         0x08007d73   Thumb Code     0  startup_stm32f427xx.o(.text)
    EXTI1_IRQHandler                         0x08007d73   Thumb Code     0  startup_stm32f427xx.o(.text)
    EXTI2_IRQHandler                         0x08007d73   Thumb Code     0  startup_stm32f427xx.o(.text)
    EXTI3_IRQHandler                         0x08007d73   Thumb Code     0  startup_stm32f427xx.o(.text)
    EXTI4_IRQHandler                         0x08007d73   Thumb Code     0  startup_stm32f427xx.o(.text)
    EXTI9_5_IRQHandler                       0x08007d73   Thumb Code     0  startup_stm32f427xx.o(.text)
    FLASH_IRQHandler                         0x08007d73   Thumb Code     0  startup_stm32f427xx.o(.text)
    FMC_IRQHandler                           0x08007d73   Thumb Code     0  startup_stm32f427xx.o(.text)
    FPU_IRQHandler                           0x08007d73   Thumb Code     0  startup_stm32f427xx.o(.text)
    HASH_RNG_IRQHandler                      0x08007d73   Thumb Code     0  startup_stm32f427xx.o(.text)
    I2C1_ER_IRQHandler                       0x08007d73   Thumb Code     0  startup_stm32f427xx.o(.text)
    I2C1_EV_IRQHandler                       0x08007d73   Thumb Code     0  startup_stm32f427xx.o(.text)
    I2C2_ER_IRQHandler                       0x08007d73   Thumb Code     0  startup_stm32f427xx.o(.text)
    I2C2_EV_IRQHandler                       0x08007d73   Thumb Code     0  startup_stm32f427xx.o(.text)
    I2C3_ER_IRQHandler                       0x08007d73   Thumb Code     0  startup_stm32f427xx.o(.text)
    I2C3_EV_IRQHandler                       0x08007d73   Thumb Code     0  startup_stm32f427xx.o(.text)
    OTG_FS_IRQHandler                        0x08007d73   Thumb Code     0  startup_stm32f427xx.o(.text)
    OTG_FS_WKUP_IRQHandler                   0x08007d73   Thumb Code     0  startup_stm32f427xx.o(.text)
    OTG_HS_EP1_IN_IRQHandler                 0x08007d73   Thumb Code     0  startup_stm32f427xx.o(.text)
    OTG_HS_EP1_OUT_IRQHandler                0x08007d73   Thumb Code     0  startup_stm32f427xx.o(.text)
    OTG_HS_IRQHandler                        0x08007d73   Thumb Code     0  startup_stm32f427xx.o(.text)
    OTG_HS_WKUP_IRQHandler                   0x08007d73   Thumb Code     0  startup_stm32f427xx.o(.text)
    PVD_IRQHandler                           0x08007d73   Thumb Code     0  startup_stm32f427xx.o(.text)
    RCC_IRQHandler                           0x08007d73   Thumb Code     0  startup_stm32f427xx.o(.text)
    RTC_Alarm_IRQHandler                     0x08007d73   Thumb Code     0  startup_stm32f427xx.o(.text)
    RTC_WKUP_IRQHandler                      0x08007d73   Thumb Code     0  startup_stm32f427xx.o(.text)
    SAI1_IRQHandler                          0x08007d73   Thumb Code     0  startup_stm32f427xx.o(.text)
    SDIO_IRQHandler                          0x08007d73   Thumb Code     0  startup_stm32f427xx.o(.text)
    SPI1_IRQHandler                          0x08007d73   Thumb Code     0  startup_stm32f427xx.o(.text)
    SPI2_IRQHandler                          0x08007d73   Thumb Code     0  startup_stm32f427xx.o(.text)
    SPI3_IRQHandler                          0x08007d73   Thumb Code     0  startup_stm32f427xx.o(.text)
    SPI4_IRQHandler                          0x08007d73   Thumb Code     0  startup_stm32f427xx.o(.text)
    SPI5_IRQHandler                          0x08007d73   Thumb Code     0  startup_stm32f427xx.o(.text)
    SPI6_IRQHandler                          0x08007d73   Thumb Code     0  startup_stm32f427xx.o(.text)
    TAMP_STAMP_IRQHandler                    0x08007d73   Thumb Code     0  startup_stm32f427xx.o(.text)
    TIM1_BRK_TIM9_IRQHandler                 0x08007d73   Thumb Code     0  startup_stm32f427xx.o(.text)
    TIM1_CC_IRQHandler                       0x08007d73   Thumb Code     0  startup_stm32f427xx.o(.text)
    TIM1_TRG_COM_TIM11_IRQHandler            0x08007d73   Thumb Code     0  startup_stm32f427xx.o(.text)
    TIM1_UP_TIM10_IRQHandler                 0x08007d73   Thumb Code     0  startup_stm32f427xx.o(.text)
    TIM2_IRQHandler                          0x08007d73   Thumb Code     0  startup_stm32f427xx.o(.text)
    TIM3_IRQHandler                          0x08007d73   Thumb Code     0  startup_stm32f427xx.o(.text)
    TIM5_IRQHandler                          0x08007d73   Thumb Code     0  startup_stm32f427xx.o(.text)
    TIM6_DAC_IRQHandler                      0x08007d73   Thumb Code     0  startup_stm32f427xx.o(.text)
    TIM7_IRQHandler                          0x08007d73   Thumb Code     0  startup_stm32f427xx.o(.text)
    TIM8_BRK_TIM12_IRQHandler                0x08007d73   Thumb Code     0  startup_stm32f427xx.o(.text)
    TIM8_CC_IRQHandler                       0x08007d73   Thumb Code     0  startup_stm32f427xx.o(.text)
    TIM8_TRG_COM_TIM14_IRQHandler            0x08007d73   Thumb Code     0  startup_stm32f427xx.o(.text)
    TIM8_UP_TIM13_IRQHandler                 0x08007d73   Thumb Code     0  startup_stm32f427xx.o(.text)
    UART4_IRQHandler                         0x08007d73   Thumb Code     0  startup_stm32f427xx.o(.text)
    UART5_IRQHandler                         0x08007d73   Thumb Code     0  startup_stm32f427xx.o(.text)
    UART7_IRQHandler                         0x08007d73   Thumb Code     0  startup_stm32f427xx.o(.text)
    UART8_IRQHandler                         0x08007d73   Thumb Code     0  startup_stm32f427xx.o(.text)
    USART1_IRQHandler                        0x08007d73   Thumb Code     0  startup_stm32f427xx.o(.text)
    USART2_IRQHandler                        0x08007d73   Thumb Code     0  startup_stm32f427xx.o(.text)
    WWDG_IRQHandler                          0x08007d73   Thumb Code     0  startup_stm32f427xx.o(.text)
    __user_initial_stackheap                 0x08007d75   Thumb Code     0  startup_stm32f427xx.o(.text)
    SystemInit                               0x08007e75   Thumb Code    88  system_stm32f4xx.o(.text)
    SystemCoreClockUpdate                    0x08007ecd   Thumb Code   174  system_stm32f4xx.o(.text)
    IMU_int                                  0x08007fa9   Thumb Code    64  imuint.o(.text)
    IST8310_Init                             0x080080fb   Thumb Code   242  ist8310.o(.text)
    ANO_IST8310_CalOffset_Mag                0x080081ed   Thumb Code   742  ist8310.o(.text)
    IST8310_ReadValue                        0x080084d3   Thumb Code   206  ist8310.o(.text)
    MPU6500_Date_Offset                      0x080085bd   Thumb Code   668  mpu6500.o(.text)
    Transform                                0x08008859   Thumb Code    14  mpu6500.o(.text)
    MPU6500_ReadValue                        0x08008867   Thumb Code  1112  mpu6500.o(.text)
    MPU6500_Init                             0x08008cbf   Thumb Code    78  mpu6500.o(.text)
    SPI5_Read_Write_Byte                     0x08008d31   Thumb Code    78  mpu6500_spi.o(.text)
    SPI5_Init                                0x08008d7f   Thumb Code   230  mpu6500_spi.o(.text)
    MPU6500_Write_Reg                        0x08008e65   Thumb Code    42  mpu6500_spi.o(.text)
    MPU6500_Read_Reg                         0x08008e8f   Thumb Code    40  mpu6500_spi.o(.text)
    USART6_Config                            0x08008ec1   Thumb Code   184  mpu9250.o(.text)
    MPU9250_EncoderProcess                   0x08008f79   Thumb Code   126  mpu9250.o(.text)
    CopeSerial2Data                          0x08008ff7   Thumb Code  2172  mpu9250.o(.text)
    USART6_IRQHandler                        0x08009873   Thumb Code   108  mpu9250.o(.text)
    MPU9250_calibration                      0x080098df   Thumb Code   246  mpu9250.o(.text)
    first_order_filter                       0x08009a15   Thumb Code   112  filter.o(.text)
    first_order_filter_dail                  0x08009a85   Thumb Code    96  filter.o(.text)
    Second_order_filter_Coefficient          0x08009ae5   Thumb Code   146  filter.o(.text)
    Second_order_filter                      0x08009b77   Thumb Code    54  filter.o(.text)
    GetMedianNum                             0x08009bad   Thumb Code   296  filter.o(.text)
    glide_filter                             0x08009cd5   Thumb Code   128  filter.o(.text)
    Calculate_FilteringCoefficient           0x08009d55   Thumb Code    32  filter.o(.text)
    ACC_IIR_Filter                           0x08009d75   Thumb Code    32  filter.o(.text)
    isNaN                                    0x08009d95   Thumb Code    18  filter.o(.text)
    Complementary_filtering                  0x08009da7   Thumb Code    54  filter.o(.text)
    Sample_Kalman_Filter                     0x08009ddd   Thumb Code   596  filter.o(.text)
    my_abs                                   0x0800a06d   Thumb Code    26  mymath.o(.text)
    fast_atan2                               0x0800a087   Thumb Code   350  mymath.o(.text)
    my_atan                                  0x0800a1e5   Thumb Code    24  mymath.o(.text)
    my_pow                                   0x0800a1fd   Thumb Code    10  mymath.o(.text)
    my_sqrt                                  0x0800a207   Thumb Code    88  mymath.o(.text)
    mx_sin                                   0x0800a25f   Thumb Code   292  mymath.o(.text)
    my_sin                                   0x0800a383   Thumb Code   108  mymath.o(.text)
    my_cos                                   0x0800a3ef   Thumb Code   136  mymath.o(.text)
    my_deathzoom                             0x0800a477   Thumb Code   158  mymath.o(.text)
    my_deathzoom_2                           0x0800a515   Thumb Code    40  mymath.o(.text)
    UpDpLimit                                0x0800a53d   Thumb Code    46  mymath.o(.text)
    To_180_degrees                           0x0800a56b   Thumb Code    58  mymath.o(.text)
    my_pow_2_curve                           0x0800a5a5   Thumb Code    80  mymath.o(.text)
    ratio_to_k                               0x0800a5f5   Thumb Code   202  mymath.o(.text)
    To_get_min                               0x0800a6bf   Thumb Code    26  mymath.o(.text)
    To_get_max                               0x0800a6d9   Thumb Code    26  mymath.o(.text)
    CalcPID                                  0x0800a701   Thumb Code   366  pid_regulator.o(.text)
    PID_Calc                                 0x0800a86f   Thumb Code   426  pid_regulator.o(.text)
    PidCalcNoI                               0x0800aa19   Thumb Code   278  pid_regulator.o(.text)
    PID_Clear                                0x0800ab2f   Thumb Code    50  pid_regulator.o(.text)
    PID_SlicCalc                             0x0800ab61   Thumb Code   132  pid_regulator.o(.text)
    pvPortMalloc                             0x0800ac33   Thumb Code   166  heap_2.o(.text)
    vPortFree                                0x0800acd9   Thumb Code    56  heap_2.o(.text)
    xPortGetFreeHeapSize                     0x0800ad11   Thumb Code     6  heap_2.o(.text)
    vPortInitialiseBlocks                    0x0800ad17   Thumb Code     2  heap_2.o(.text)
    vListInitialise                          0x0800ad2d   Thumb Code    26  list.o(.text)
    vListInitialiseItem                      0x0800ad47   Thumb Code     6  list.o(.text)
    vListInsertEnd                           0x0800ad4d   Thumb Code    24  list.o(.text)
    vListInsert                              0x0800ad65   Thumb Code    52  list.o(.text)
    uxListRemove                             0x0800ad99   Thumb Code    40  list.o(.text)
    pxPortInitialiseStack                    0x0800adfd   Thumb Code    38  port.o(.text)
    vPortSetupTimerInterrupt                 0x0800ae23   Thumb Code    26  port.o(.text)
    xPortStartScheduler                      0x0800ae3d   Thumb Code   288  port.o(.text)
    vPortEndScheduler                        0x0800af5d   Thumb Code    42  port.o(.text)
    vPortEnterCritical                       0x0800af87   Thumb Code    78  port.o(.text)
    vPortExitCritical                        0x0800afd5   Thumb Code    56  port.o(.text)
    SysTick_Handler                          0x0800b00d   Thumb Code    48  port.o(.text)
    vPortValidateInterruptPriority           0x0800b03d   Thumb Code   108  port.o(.text)
    xQueueGenericReset                       0x0800b0cd   Thumb Code   144  queue.o(.text)
    xQueueGenericCreate                      0x0800b15d   Thumb Code   134  queue.o(.text)
    xQueueGenericSend                        0x0800b2ff   Thumb Code   412  queue.o(.text)
    xQueueCreateMutex                        0x0800b49b   Thumb Code    76  queue.o(.text)
    xQueueGiveMutexRecursive                 0x0800b4e7   Thumb Code    76  queue.o(.text)
    xQueueGenericReceive                     0x0800b577   Thumb Code   424  queue.o(.text)
    xQueueTakeMutexRecursive                 0x0800b71f   Thumb Code    84  queue.o(.text)
    xQueueCreateCountingSemaphore            0x0800b773   Thumb Code   116  queue.o(.text)
    xQueueGenericSendFromISR                 0x0800b7e7   Thumb Code   240  queue.o(.text)
    xQueueGiveFromISR                        0x0800b8d7   Thumb Code   214  queue.o(.text)
    xQueueReceiveFromISR                     0x0800b9ad   Thumb Code   194  queue.o(.text)
    xQueuePeekFromISR                        0x0800ba6f   Thumb Code   176  queue.o(.text)
    uxQueueMessagesWaiting                   0x0800bb1f   Thumb Code    42  queue.o(.text)
    uxQueueSpacesAvailable                   0x0800bb49   Thumb Code    48  queue.o(.text)
    uxQueueMessagesWaitingFromISR            0x0800bb79   Thumb Code    30  queue.o(.text)
    vQueueUnregisterQueue                    0x0800bb97   Thumb Code    38  queue.o(.text)
    vQueueDelete                             0x0800bbbd   Thumb Code    44  queue.o(.text)
    uxQueueGetQueueNumber                    0x0800bbe9   Thumb Code     6  queue.o(.text)
    vQueueSetQueueNumber                     0x0800bbef   Thumb Code     4  queue.o(.text)
    ucQueueGetQueueType                      0x0800bbf3   Thumb Code     8  queue.o(.text)
    xQueueIsQueueEmptyFromISR                0x0800bbfb   Thumb Code    38  queue.o(.text)
    xQueueIsQueueFullFromISR                 0x0800bc21   Thumb Code    42  queue.o(.text)
    vQueueAddToRegistry                      0x0800bc4b   Thumb Code    38  queue.o(.text)
    vQueueWaitForMessageRestricted           0x0800bc71   Thumb Code    66  queue.o(.text)
    xTaskGenericCreate                       0x0800bda3   Thumb Code   340  tasks.o(.text)
    vTaskDelete                              0x0800bf21   Thumb Code   186  tasks.o(.text)
    xTaskIncrementTick                       0x0800bfdb   Thumb Code   366  tasks.o(.text)
    xTaskResumeAll                           0x0800c149   Thumb Code   224  tasks.o(.text)
    vTaskSuspendAll                          0x0800c267   Thumb Code    12  tasks.o(.text)
    vTaskDelayUntil                          0x0800c273   Thumb Code   230  tasks.o(.text)
    vTaskDelay                               0x0800c359   Thumb Code   120  tasks.o(.text)
    uxTaskPriorityGet                        0x0800c3d1   Thumb Code    30  tasks.o(.text)
    uxTaskPriorityGetFromISR                 0x0800c3ef   Thumb Code    62  tasks.o(.text)
    vTaskPrioritySet                         0x0800c42d   Thumb Code   316  tasks.o(.text)
    vTaskSwitchContext                       0x0800c569   Thumb Code   118  tasks.o(.text)
    vTaskSuspend                             0x0800c5df   Thumb Code   198  tasks.o(.text)
    vTaskResume                              0x0800c6f5   Thumb Code   130  tasks.o(.text)
    xTaskResumeFromISR                       0x0800c777   Thumb Code   160  tasks.o(.text)
    vTaskStartScheduler                      0x0800c89f   Thumb Code   110  tasks.o(.text)
    vTaskEndScheduler                        0x0800c90d   Thumb Code   100  tasks.o(.text)
    xTaskGetTickCount                        0x0800c971   Thumb Code     6  tasks.o(.text)
    xTaskGetTickCountFromISR                 0x0800c977   Thumb Code    16  tasks.o(.text)
    uxTaskGetNumberOfTasks                   0x0800c987   Thumb Code     6  tasks.o(.text)
    uxTaskGetSystemState                     0x0800ca53   Thumb Code   132  tasks.o(.text)
    vTaskPlaceOnEventList                    0x0800cad7   Thumb Code   108  tasks.o(.text)
    vTaskPlaceOnUnorderedEventList           0x0800cb43   Thumb Code   160  tasks.o(.text)
    vTaskPlaceOnEventListRestricted          0x0800cbe3   Thumb Code   114  tasks.o(.text)
    xTaskRemoveFromEventList                 0x0800cc55   Thumb Code   128  tasks.o(.text)
    xTaskRemoveFromUnorderedEventList        0x0800ccd5   Thumb Code   204  tasks.o(.text)
    vTaskSetTimeOutState                     0x0800cda1   Thumb Code    38  tasks.o(.text)
    xTaskCheckForTimeOut                     0x0800cdc7   Thumb Code   132  tasks.o(.text)
    vTaskMissedYield                         0x0800ce4b   Thumb Code     8  tasks.o(.text)
    uxTaskGetTaskNumber                      0x0800ce53   Thumb Code    14  tasks.o(.text)
    vTaskSetTaskNumber                       0x0800ce61   Thumb Code     8  tasks.o(.text)
    xTaskGetCurrentTaskHandle                0x0800ce69   Thumb Code     6  tasks.o(.text)
    xTaskGetSchedulerState                   0x0800ce6f   Thumb Code    24  tasks.o(.text)
    vTaskPriorityInherit                     0x0800ce87   Thumb Code   164  tasks.o(.text)
    xTaskPriorityDisinherit                  0x0800cf2b   Thumb Code   188  tasks.o(.text)
    uxTaskResetEventItemValue                0x0800cfe7   Thumb Code    24  tasks.o(.text)
    pvTaskIncrementMutexHeldCount            0x0800cfff   Thumb Code    26  tasks.o(.text)
    ulTaskNotifyTake                         0x0800d019   Thumb Code   174  tasks.o(.text)
    xTaskNotifyWait                          0x0800d0c7   Thumb Code   250  tasks.o(.text)
    xTaskGenericNotify                       0x0800d1c1   Thumb Code   242  tasks.o(.text)
    xTaskGenericNotifyFromISR                0x0800d2b3   Thumb Code   290  tasks.o(.text)
    vTaskNotifyGiveFromISR                   0x0800d3d5   Thumb Code   208  tasks.o(.text)
    xTaskNotifyStateClear                    0x0800d4a5   Thumb Code    50  tasks.o(.text)
    xTimerGenericCommand                     0x0800d541   Thumb Code   126  timers.o(.text)
    xTimerCreateTimerTask                    0x0800d8d9   Thumb Code   124  timers.o(.text)
    xTimerCreate                             0x0800d955   Thumb Code    94  timers.o(.text)
    pcTimerGetTimerName                      0x0800d9b3   Thumb Code    32  timers.o(.text)
    xTimerIsTimerActive                      0x0800d9d3   Thumb Code    56  timers.o(.text)
    pvTimerGetTimerID                        0x0800da0b   Thumb Code    44  timers.o(.text)
    vTimerSetTimerID                         0x0800da37   Thumb Code    44  timers.o(.text)
    malloc                                   0x0800da63   Thumb Code    94  h1_alloc.o(.text)
    free                                     0x0800dac1   Thumb Code    78  h1_free.o(.text)
    __aeabi_memcpy                           0x0800db0f   Thumb Code     0  rt_memcpy_v6.o(.text)
    __rt_memcpy                              0x0800db0f   Thumb Code   138  rt_memcpy_v6.o(.text)
    _memcpy_lastbytes                        0x0800db75   Thumb Code     0  rt_memcpy_v6.o(.text)
    __aeabi_memcpy4                          0x0800db99   Thumb Code     0  rt_memcpy_w.o(.text)
    __aeabi_memcpy8                          0x0800db99   Thumb Code     0  rt_memcpy_w.o(.text)
    __rt_memcpy_w                            0x0800db99   Thumb Code   100  rt_memcpy_w.o(.text)
    _memcpy_lastbytes_aligned                0x0800dbe1   Thumb Code     0  rt_memcpy_w.o(.text)
    __aeabi_memset                           0x0800dbfd   Thumb Code    16  aeabi_memset.o(.text)
    __aeabi_memclr4                          0x0800dc0d   Thumb Code     0  rt_memclr_w.o(.text)
    __aeabi_memclr8                          0x0800dc0d   Thumb Code     0  rt_memclr_w.o(.text)
    __rt_memclr_w                            0x0800dc0d   Thumb Code    78  rt_memclr_w.o(.text)
    _memset_w                                0x0800dc11   Thumb Code     0  rt_memclr_w.o(.text)
    __use_two_region_memory                  0x0800dc5b   Thumb Code     2  heapauxi.o(.text)
    __rt_heap_escrow                         0x0800dc5d   Thumb Code     2  heapauxi.o(.text)
    __rt_heap_expand                         0x0800dc5f   Thumb Code     2  heapauxi.o(.text)
    __rt_heap_descriptor                     0x0800dc61   Thumb Code     8  rt_heap_descriptor_intlibspace.o(.text)
    __use_no_heap                            0x0800dc69   Thumb Code     2  hguard.o(.text)
    __heap$guard                             0x0800dc6b   Thumb Code     2  hguard.o(.text)
    _terminate_user_alloc                    0x0800dc6d   Thumb Code     2  init_alloc.o(.text)
    _init_user_alloc                         0x0800dc6f   Thumb Code     2  init_alloc.o(.text)
    __Heap_Full                              0x0800dc71   Thumb Code    34  init_alloc.o(.text)
    __Heap_Broken                            0x0800dc93   Thumb Code     6  init_alloc.o(.text)
    _init_alloc                              0x0800dc99   Thumb Code    94  init_alloc.o(.text)
    __Heap_Initialize                        0x0800dcf7   Thumb Code    10  h1_init.o(.text)
    __Heap_DescSize                          0x0800dd01   Thumb Code     4  h1_init.o(.text)
    __aeabi_memclr                           0x0800dd05   Thumb Code     0  rt_memclr.o(.text)
    __rt_memclr                              0x0800dd05   Thumb Code    68  rt_memclr.o(.text)
    _memset                                  0x0800dd09   Thumb Code     0  rt_memclr.o(.text)
    __user_libspace                          0x0800dd49   Thumb Code     8  libspace.o(.text)
    __user_perproc_libspace                  0x0800dd49   Thumb Code     0  libspace.o(.text)
    __user_perthread_libspace                0x0800dd49   Thumb Code     0  libspace.o(.text)
    __Heap_ProvideMemory                     0x0800dd51   Thumb Code    52  h1_extend.o(.text)
    __rt_SIGRTMEM                            0x0800dd85   Thumb Code    14  defsig_rtmem_outer.o(.text)
    __I$use$semihosting                      0x0800dd93   Thumb Code     0  use_no_semi.o(.text)
    __use_no_semihosting_swi                 0x0800dd93   Thumb Code     2  use_no_semi.o(.text)
    __semihosting_library_function           0x0800dd95   Thumb Code     0  indicate_semi.o(.text)
    __user_setup_stackheap                   0x0800dd95   Thumb Code    74  sys_stackheap_outer.o(.text)
    exit                                     0x0800dddf   Thumb Code    12  exit.o(.text)
    __sig_exit                               0x0800ddeb   Thumb Code    10  defsig_exit.o(.text)
    __rt_SIGRTMEM_inner                      0x0800ddf5   Thumb Code    22  defsig_rtmem_inner.o(.text)
    _sys_exit                                0x0800de45   Thumb Code     8  sys_exit.o(.text)
    __default_signal_display                 0x0800de51   Thumb Code    50  defsig_general.o(.text)
    _ttywrch                                 0x0800de83   Thumb Code    14  sys_wrch.o(.text)
    __aeabi_d2f                              0x0800de91   Thumb Code     0  d2f.o(x$fpl$d2f)
    _d2f                                     0x0800de91   Thumb Code    98  d2f.o(x$fpl$d2f)
    __aeabi_dadd                             0x0800def5   Thumb Code     0  daddsub_clz.o(x$fpl$dadd)
    _dadd                                    0x0800def5   Thumb Code   332  daddsub_clz.o(x$fpl$dadd)
    __fpl_dcmp_Inf                           0x0800e045   Thumb Code    24  dcmpi.o(x$fpl$dcmpinf)
    __aeabi_ddiv                             0x0800e05d   Thumb Code     0  ddiv.o(x$fpl$ddiv)
    _ddiv                                    0x0800e05d   Thumb Code   552  ddiv.o(x$fpl$ddiv)
    __aeabi_i2d                              0x0800e30d   Thumb Code     0  dflt_clz.o(x$fpl$dflt)
    _dflt                                    0x0800e30d   Thumb Code    46  dflt_clz.o(x$fpl$dflt)
    __aeabi_cdcmple                          0x0800e33d   Thumb Code     0  dleqf.o(x$fpl$dleqf)
    _dcmple                                  0x0800e33d   Thumb Code   120  dleqf.o(x$fpl$dleqf)
    __fpl_dcmple_InfNaN                      0x0800e39f   Thumb Code     0  dleqf.o(x$fpl$dleqf)
    __aeabi_dmul                             0x0800e3b5   Thumb Code     0  dmul.o(x$fpl$dmul)
    _dmul                                    0x0800e3b5   Thumb Code   332  dmul.o(x$fpl$dmul)
    __fpl_dnaninf                            0x0800e509   Thumb Code   156  dnaninf.o(x$fpl$dnaninf)
    __fpl_dretinf                            0x0800e5a5   Thumb Code    12  dretinf.o(x$fpl$dretinf)
    __aeabi_cdrcmple                         0x0800e5b1   Thumb Code     0  drleqf.o(x$fpl$drleqf)
    _drcmple                                 0x0800e5b1   Thumb Code   108  drleqf.o(x$fpl$drleqf)
    __aeabi_drsub                            0x0800e61d   Thumb Code     0  daddsub_clz.o(x$fpl$drsb)
    _drsb                                    0x0800e61d   Thumb Code    22  daddsub_clz.o(x$fpl$drsb)
    __aeabi_dsub                             0x0800e635   Thumb Code     0  daddsub_clz.o(x$fpl$dsub)
    _dsub                                    0x0800e635   Thumb Code   464  daddsub_clz.o(x$fpl$dsub)
    __aeabi_f2d                              0x0800e809   Thumb Code     0  f2d.o(x$fpl$f2d)
    _f2d                                     0x0800e809   Thumb Code    86  f2d.o(x$fpl$f2d)
    __fpl_fnaninf                            0x0800e85f   Thumb Code   140  fnaninf.o(x$fpl$fnaninf)
    _fp_init                                 0x0800e8eb   Thumb Code    10  fpinit.o(x$fpl$fpinit)
    __fplib_config_fpu_vfp                   0x0800e8f3   Thumb Code     0  fpinit.o(x$fpl$fpinit)
    __fplib_config_pureend_doubles           0x0800e8f3   Thumb Code     0  fpinit.o(x$fpl$fpinit)
    __fpl_fretinf                            0x0800e8f5   Thumb Code    10  fretinf.o(x$fpl$fretinf)
    __I$use$fp                               0x0800e8fe   Number         0  usenofp.o(x$fpl$usenofp)
    Yaw_Center_Angle                         0x0800e900   Data           4  yuntaictl.o(.constdata)
    CRC8_INIT                                0x0800e904   Data           1  judgesystemn.o(.constdata)
    CRC8_TAB                                 0x0800e905   Data         256  judgesystemn.o(.constdata)
    wCRC_Table                               0x0800ea06   Data         512  judgesystemn.o(.constdata)
    Region$$Table$$Base                      0x0800ec1c   Number         0  anon$$obj.o(Region$$Table)
    Region$$Table$$Limit                     0x0800ec3c   Number         0  anon$$obj.o(Region$$Table)
    Gun_Real_Angle_Value                     0x20000000   Data           4  can1.o(.data)
    Gun_Real_Speed_Value                     0x20000004   Data           4  can1.o(.data)
    Gun_Real_Angle_Value_Flt                 0x20000008   Data           8  can1.o(.data)
    Gun_Real_Angle_Value_0_360               0x20000010   Data           4  can1.o(.data)
    Gun_Real_Angle_Value_Gearbox             0x20000014   Data           4  can1.o(.data)
    Gun_Target_Angle_Value                   0x20000018   Data           4  can1.o(.data)
    Can1_receive_date_flag                   0x2000001c   Data           4  can1.o(.data)
    DFYAnglePID                              0x20000020   Data          60  dipanctl.o(.data)
    DFVRGypoPID                              0x2000005c   Data          60  dipanctl.o(.data)
    DM1SpeedPID                              0x20000098   Data          60  dipanctl.o(.data)
    DM2SpeedPID                              0x200000d4   Data          60  dipanctl.o(.data)
    DM3SpeedPID                              0x20000110   Data          60  dipanctl.o(.data)
    DM4SpeedPID                              0x2000014c   Data          60  dipanctl.o(.data)
    Yaw_turn_data                            0x20000188   Data           4  dipanctl.o(.data)
    ExpectLimit                              0x2000018c   Data           4  dipanctl.o(.data)
    DP_Virtual_Yaw                           0x20000190   Data           4  dipanctl.o(.data)
    TurnPidOutput                            0x20000194   Data           4  dipanctl.o(.data)
    PidOutputSum                             0x20000198   Data           4  dipanctl.o(.data)
    buffMoveDelay                            0x2000019c   Data           4  dipanctl.o(.data)
    BaiWeiDelay                              0x200001a0   Data           4  dipanctl.o(.data)
    cov_flag                                 0x200001a4   Data           4  dipanctl.o(.data)
    SelfCalcPower                            0x200001a8   Data           4  dipanctl.o(.data)
    center_pitch                             0x200001b0   Data           4  can2.o(.data)
    center_yaw                               0x200001b4   Data           4  can2.o(.data)
    Yaw_Angle_Value                          0x200001b8   Data           2  can2.o(.data)
    Yaw_Speed_Value                          0x200001ba   Data           2  can2.o(.data)
    Pitch_Angle_Value                        0x200001bc   Data           2  can2.o(.data)
    Pitch_Speed_Value                        0x200001be   Data           2  can2.o(.data)
    Can2_Real_Angle_Value                    0x200001c0   Data           8  can2.o(.data)
    Can2_Real_Speed_Value                    0x200001c8   Data           8  can2.o(.data)
    CAN2_Real_Angle_Value_Flt0               0x200001d0   Data           8  can2.o(.data)
    CAN2_Real_Angle_Value_Flt1               0x200001d8   Data           8  can2.o(.data)
    CAN2_Real_Angle_Value_Flt2               0x200001e0   Data           8  can2.o(.data)
    CAN2_Real_Angle_Value_Flt3               0x200001e8   Data           8  can2.o(.data)
    Weapon_Real_Speed_Value                  0x200001f0   Data           4  can2.o(.data)
    Can2_receive_date_flag                   0x200001f4   Data           4  can2.o(.data)
    YawCenterValue                           0x200001f8   Data           2  yuntaiint.o(.data)
    PitCenterValue                           0x200001fa   Data           2  yuntaiint.o(.data)
    FollowYawAngle                           0x200001fc   Data           4  yuntaiint.o(.data)
    YawInitFlag                              0x20000200   Data           1  yuntaiint.o(.data)
    mpu_9250_init_angle                      0x20000204   Data           4  yuntaictl.o(.data)
    YunTaiControlModel                       0x20000208   Data           2  yuntaictl.o(.data)
    BuffRebackDelay                          0x2000020a   Data           2  yuntaictl.o(.data)
    YawLimitOffset                           0x2000020c   Data           4  yuntaictl.o(.data)
    PitDoLimitOffset                         0x20000210   Data           2  yuntaictl.o(.data)
    PitUpLimitOffset                         0x20000212   Data           2  yuntaictl.o(.data)
    YawLfLimit                               0x20000214   Data           4  yuntaictl.o(.data)
    YawRiLimit                               0x20000218   Data           4  yuntaictl.o(.data)
    PitUpLimit                               0x2000021c   Data           4  yuntaictl.o(.data)
    PitDoLimit                               0x20000220   Data           4  yuntaictl.o(.data)
    Pit_AddAngle_Value                       0x20000224   Data           4  yuntaictl.o(.data)
    Yaw_TarAngle_Value                       0x20000228   Data           4  yuntaictl.o(.data)
    Pit_TarAngle_Value                       0x2000022c   Data           4  yuntaictl.o(.data)
    Pit_TarAngle_YKValue                     0x20000230   Data           4  yuntaictl.o(.data)
    BuffYawCenterValue                       0x20000234   Data           4  yuntaictl.o(.data)
    Yaw_Speed_PID_Output                     0x20000238   Data           4  yuntaictl.o(.data)
    Pit_Speed_PID_Output                     0x2000023c   Data           4  yuntaictl.o(.data)
    ArriveFlag                               0x20000240   Data           2  yuntaictl.o(.data)
    tempAuxiYawTarValue                      0x20000244   Data           4  yuntaictl.o(.data)
    tempAuxiPitTarValue                      0x20000248   Data           4  yuntaictl.o(.data)
    YTYawAnglePID                            0x2000024c   Data          60  yuntaictl.o(.data)
    YTYawSpeedPID                            0x20000288   Data          60  yuntaictl.o(.data)
    YTFollowDPAngelPID                       0x200002c4   Data          60  yuntaictl.o(.data)
    YTFollowDPSpeedPID                       0x20000300   Data          60  yuntaictl.o(.data)
    YTBaiWeiAnglePID                         0x2000033c   Data          60  yuntaictl.o(.data)
    YTPitAnglePID                            0x20000378   Data          60  yuntaictl.o(.data)
    YTPitSpeedPID                            0x200003b4   Data          60  yuntaictl.o(.data)
    FireNum                                  0x200003f0   Data           1  yuntaictl.o(.data)
    StartTask_Handler                        0x20000408   Data           4  main.o(.data)
    all_init                                 0x2000040c   Data           1  main.o(.data)
    Task_Control_Handler                     0x20000410   Data           4  scheduler.o(.data)
    Task_SendCosume_Handler                  0x20000414   Data           4  scheduler.o(.data)
    Task_Yuntai_Ctrl_Handler                 0x20000418   Data           4  scheduler.o(.data)
    Task_Weapon_Ctrl_Handler                 0x2000041c   Data           4  scheduler.o(.data)
    Task_SendCan_Handler                     0x20000420   Data           4  scheduler.o(.data)
    Task_CalcShoot_Handler                   0x20000424   Data           4  scheduler.o(.data)
    secTime                                  0x20000428   Data           4  scheduler.o(.data)
    sysTickUptime                            0x2000042c   Data           4  scheduler.o(.data)
    flag                                     0x20000430   Data           4  key.o(.data)
    attack_direction                         0x20000438   Data           1  sbus.o(.data)
    SpeedModel                               0x20000439   Data           1  sbus.o(.data)
    KeyBordSpeed                             0x2000043a   Data           2  sbus.o(.data)
    radio_yaw                                0x2000043c   Data           4  sbus.o(.data)
    radio_pitch                              0x20000440   Data           4  sbus.o(.data)
    radio_ahead_back_data                    0x20000444   Data           4  sbus.o(.data)
    radio_left_right_data                    0x20000448   Data           4  sbus.o(.data)
    radio_turn_data                          0x2000044c   Data           4  sbus.o(.data)
    radio_turn_control_data                  0x20000450   Data           4  sbus.o(.data)
    radio_pitch_control_data                 0x20000454   Data           4  sbus.o(.data)
    buff_init_angle_yaw                      0x20000458   Data           4  sbus.o(.data)
    buff_init_angle_pit                      0x2000045c   Data           4  sbus.o(.data)
    yaw_limite                               0x20000460   Data           4  sbus.o(.data)
    ON_OFF                                   0x20000464   Data           4  sbus.o(.data)
    ON_OFF_CURRENT                           0x20000468   Data           4  sbus.o(.data)
    ON_OFF_BEFORE                            0x2000046c   Data           4  sbus.o(.data)
    sbus_num0                                0x20000470   Data           4  sbus.o(.data)
    separate_flag                            0x20000474   Data           1  sbus.o(.data)
    auxiliary_flag                           0x20000475   Data           1  sbus.o(.data)
    Left45Degree_flag                        0x20000476   Data           1  sbus.o(.data)
    Righ45Degree_flag                        0x20000477   Data           1  sbus.o(.data)
    buff_flag                                0x20000478   Data           1  sbus.o(.data)
    BlueOrRedChoose                          0x20000479   Data           1  sbus.o(.data)
    Buff_yaw_last                            0x2000047c   Data           4  sbus.o(.data)
    Buff_pitch_last                          0x20000480   Data           4  sbus.o(.data)
    switch_left_position                     0x20000484   Data           4  sbus.o(.data)
    switch_right_position                    0x20000488   Data           4  sbus.o(.data)
    ahead_back_temp                          0x2000048c   Data           2  sbus.o(.data)
    left_right_temp                          0x2000048e   Data           2  sbus.o(.data)
    turn_temp                                0x20000490   Data           2  sbus.o(.data)
    mouse_pitch_mouse                        0x20000492   Data           2  sbus.o(.data)
    GameRobotState                           0x2000049c   Data           8  judgesystemn.o(.data)
    ShootData                                0x200004a4   Data           6  judgesystemn.o(.data)
    RobotHurt                                0x200004aa   Data           1  judgesystemn.o(.data)
    RfidDetect                               0x200004ab   Data           2  judgesystemn.o(.data)
    GameResult                               0x200004ad   Data           1  judgesystemn.o(.data)
    GetBuff                                  0x200004ae   Data           2  judgesystemn.o(.data)
    RobotLevel                               0x200004b0   Data           1  judgesystemn.o(.data)
    ShooterHeat                              0x200004b2   Data           2  judgesystemn.o(.data)
    ShooteSpeed                              0x200004b4   Data           4  judgesystemn.o(.data)
    PowerOutput                              0x200004b8   Data           4  judgesystemn.o(.data)
    PowerBuffLeft                            0x200004bc   Data           4  judgesystemn.o(.data)
    tt                                       0x200004c0   Data           4  judgesystemn.o(.data)
    have_shoot                               0x200004c4   Data           1  judgesystemn.o(.data)
    JudgeDataFlag                            0x200004c5   Data           1  judgesystemn.o(.data)
    CRC_INIT                                 0x200004c6   Data           2  judgesystemn.o(.data)
    UartAuxiFlag                             0x200004c8   Data           1  usart3.o(.data)
    UartBuffFlag                             0x200004c9   Data           1  usart3.o(.data)
    RecieveBuffflag                          0x200004ca   Data           1  usart3.o(.data)
    RecieveAuxiliaryflag                     0x200004cb   Data           1  usart3.o(.data)
    Buff_yaw                                 0x200004cc   Data           4  usart3.o(.data)
    Buff_pitch                               0x200004d0   Data           4  usart3.o(.data)
    Buff_yaw_store                           0x200004d4   Data           4  usart3.o(.data)
    Buff_pitch_store                         0x200004d8   Data           4  usart3.o(.data)
    Auxi_yaw                                 0x200004dc   Data           4  usart3.o(.data)
    Auxi_pitch                               0x200004e0   Data           4  usart3.o(.data)
    Auxi_Distance                            0x200004e4   Data           4  usart3.o(.data)
    TempbuffYaw                              0x200004e8   Data           4  usart3.o(.data)
    TempbuffPit                              0x200004ec   Data           4  usart3.o(.data)
    WeaMC1SpeedPid                           0x200004f8   Data          60  weapon.o(.data)
    WeaMC2SpeedPid                           0x20000534   Data          60  weapon.o(.data)
    WeaBLNSpeedPid                           0x20000570   Data          60  weapon.o(.data)
    WeaBLNAnglePid                           0x200005ac   Data          60  weapon.o(.data)
    YKBullLik                                0x200005e8   Data           1  weapon.o(.data)
    FireModel                                0x200005e9   Data           1  weapon.o(.data)
    MCLSwitch                                0x200005ea   Data           1  weapon.o(.data)
    RbkSwitch                                0x200005eb   Data           1  weapon.o(.data)
    FirSwitch                                0x200005ec   Data           1  weapon.o(.data)
    LasSwitch                                0x200005ed   Data           1  weapon.o(.data)
    BulletNum                                0x200005ee   Data           1  weapon.o(.data)
    BulletLid                                0x200005ef   Data           1  weapon.o(.data)
    checkIsFire                              0x200005f0   Data           1  weapon.o(.data)
    BAddAngle                                0x200005f4   Data           4  weapon.o(.data)
    LianxuAngle                              0x200005f8   Data           4  weapon.o(.data)
    BLState                                  0x200005fc   Data           2  weapon.o(.data)
    BLIsRun                                  0x200005fe   Data           2  weapon.o(.data)
    ReverseCount                             0x20000600   Data           2  weapon.o(.data)
    MCTargetSpeed                            0x20000602   Data           2  weapon.o(.data)
    GunInitAngelValue                        0x20000604   Data           4  weapon.o(.data)
    FiTargetSpeed                            0x20000608   Data           4  weapon.o(.data)
    BLTargetAngle                            0x2000060c   Data           4  weapon.o(.data)
    FiTargetAngle                            0x20000610   Data           4  weapon.o(.data)
    MC_PID_Output1                           0x20000614   Data           2  weapon.o(.data)
    MC_PID_Output2                           0x20000616   Data           2  weapon.o(.data)
    BLN_Speed_PID_Output                     0x20000618   Data           2  weapon.o(.data)
    BLN_Angle_PID_Output                     0x2000061a   Data           2  weapon.o(.data)
    MCLSpeedSUM                              0x2000061c   Data           2  weapon.o(.data)
    ShootFreChoose                           0x2000061e   Data           6  weapon.o(.data)
    MCLSpeedChoose                           0x20000624   Data           6  weapon.o(.data)
    HeatUplimit                              0x2000062a   Data           6  weapon.o(.data)
    HeatCooling                              0x20000630   Data           6  weapon.o(.data)
    SelfCalcShootHeat                        0x20000638   Data           4  weapon.o(.data)
    oneclickcount                            0x2000063c   Data           4  weapon.o(.data)
    SystemCoreClock                          0x20000660   Data           4  system_stm32f4xx.o(.data)
    AHBPrescTable                            0x20000664   Data          16  system_stm32f4xx.o(.data)
    IST8310                                  0x20000674   Data          44  ist8310.o(.data)
    Mag_CALIBRATED                           0x200006a0   Data           1  ist8310.o(.data)
    acc_sum_cnt                              0x200006c0   Data           2  mpu6500.o(.data)
    gyro_sum_cnt                             0x200006c2   Data           2  mpu6500.o(.data)
    filter_cnt                               0x200006c4   Data           1  mpu6500.o(.data)
    filter_cnt_old                           0x200006c5   Data           1  mpu6500.o(.data)
    test_ang                                 0x200006c8   Data           4  mpu6500.o(.data)
    test_ang_old                             0x200006cc   Data           4  mpu6500.o(.data)
    test_ang_d                               0x200006d0   Data           4  mpu6500.o(.data)
    test_fli_a                               0x200006d4   Data           4  mpu6500.o(.data)
    test_i                                   0x200006d8   Data           4  mpu6500.o(.data)
    MPU_id                                   0x200006dc   Data           1  mpu6500.o(.data)
    ch                                       0x200006e0   Data           2  mpu9250.o(.data)
    cn                                       0x200006e4   Data           4  mpu9250.o(.data)
    mpu9250_flag                             0x200006e8   Data           2  mpu9250.o(.data)
    mid_mpu_9250_yaw_angle                   0x200006ec   Data           4  mpu9250.o(.data)
    mpu_9250_yaw_angle                       0x200006f0   Data           4  mpu9250.o(.data)
    mpu_9250_pitch_angle                     0x200006f4   Data           4  mpu9250.o(.data)
    mpu_9250_roll_angle                      0x200006f8   Data           4  mpu9250.o(.data)
    mpu_9250_yaw_acc                         0x200006fc   Data           4  mpu9250.o(.data)
    mpu_9250_pitch_acc                       0x20000700   Data           4  mpu9250.o(.data)
    mpu_9250_roll_acc                        0x20000704   Data           4  mpu9250.o(.data)
    mpu_9250_yaw_speed                       0x20000708   Data           4  mpu9250.o(.data)
    mpu_9250_pitch_speed                     0x2000070c   Data           4  mpu9250.o(.data)
    mpu_9250_roll_speed                      0x20000710   Data           4  mpu9250.o(.data)
    mpu_9250_yaw_first                       0x20000714   Data           4  mpu9250.o(.data)
    mpu_9250_pitch_first                     0x20000718   Data           4  mpu9250.o(.data)
    mpu_9250_yaw_zero                        0x2000071c   Data           4  mpu9250.o(.data)
    mpu_9250_pitch_zero                      0x20000720   Data           4  mpu9250.o(.data)
    MPU9250_Gun_Real_Angle_Value_Flt1        0x20000724   Data           8  mpu9250.o(.data)
    filter_d                                 0x20000734   Data           4  filter.o(.data)
    filter                                   0x20000738   Data           8  filter.o(.data)
    filter_d_dail                            0x20000740   Data           4  filter.o(.data)
    angle                                    0x20000748   Data           4  filter.o(.data)
    R_angle                                  0x2000074c   Data           4  filter.o(.data)
    C_0                                      0x20000750   Data           1  filter.o(.data)
    Q_bias                                   0x20000754   Data           4  filter.o(.data)
    Angle_err                                0x20000758   Data           4  filter.o(.data)
    PCt_0                                    0x2000075c   Data           4  filter.o(.data)
    PCt_1                                    0x20000760   Data           4  filter.o(.data)
    E                                        0x20000764   Data           4  filter.o(.data)
    K_0                                      0x20000768   Data           4  filter.o(.data)
    K_1                                      0x2000076c   Data           4  filter.o(.data)
    t_0                                      0x20000770   Data           4  filter.o(.data)
    t_1                                      0x20000774   Data           4  filter.o(.data)
    PP                                       0x20000778   Data          16  filter.o(.data)
    Q_angle                                  0x20000788   Data           4  filter.o(.data)
    Q_gyro                                   0x2000078c   Data           4  filter.o(.data)
    fast_atan_table                          0x20000790   Data        1028  mymath.o(.data)
    pxCurrentTCB                             0x20000bb8   Data           4  tasks.o(.data)
    Real_Angle_Value                         0x20000c00   Data          10  can1.o(.bss)
    Real_Speed_Value                         0x20000c0a   Data          10  can1.o(.bss)
    Real_Position_Value                      0x20000c14   Data          20  can1.o(.bss)
    Real_Angle_Value_Flt                     0x20000c28   Data          40  can1.o(.bss)
    angle_expect_wheel                       0x20000c50   Data          32  dipanctl.o(.bss)
    las_expect_wheel                         0x20000c70   Data          32  dipanctl.o(.bss)
    yaw_filter_positon_mean                  0x20000c90   Data          24  dipanctl.o(.bss)
    wheel                                    0x20000ca8   Data          16  dipanctl.o(.bss)
    DMPidOutPut                              0x20000cb8   Data          16  dipanctl.o(.bss)
    FinalDMPidOut                            0x20000cc8   Data          16  dipanctl.o(.bss)
    FinalDMPidOutFliter                      0x20000cd8   Data          96  dipanctl.o(.bss)
    PwrLimSingleWheel                        0x20000d38   Data          16  dipanctl.o(.bss)
    tempProp                                 0x20000d48   Data          16  dipanctl.o(.bss)
    PwrReal                                  0x20000d58   Data          16  dipanctl.o(.bss)
    Can2_Real_Position_Value                 0x20000d78   Data          16  can2.o(.bss)
    yaw_limite_flt                           0x20000d88   Data          24  sbus.o(.bss)
    Uppertoctl                               0x20000da0   Data          76  sbus.o(.bss)
    sbus_rx_buffer                           0x20000dec   Data          25  sbus.o(.bss)
    RC_Ctl                                   0x20000e06   Data          20  sbus.o(.bss)
    Laster_RC_Ctl                            0x20000e1a   Data          20  sbus.o(.bss)
    decode_the_key                           0x20000e2e   Data          17  sbus.o(.bss)
    decode_the_key_last                      0x20000e3f   Data          17  sbus.o(.bss)
    ShowFrame                                0x20000e82   Data          22  judgesystemn.o(.bss)
    PowerHeatData                            0x20000e98   Data          20  judgesystemn.o(.bss)
    GameRobotPos                             0x20000eac   Data          16  judgesystemn.o(.bss)
    rev                                      0x20000ebc   Data          32  usart3.o(.bss)
    mpu6500                                  0x20000ee8   Data         128  mpu6500.o(.bss)
    sum_temp                                 0x20000f68   Data          28  mpu6500.o(.bss)
    sensor_setup                             0x20000f84   Data          64  mpu6500.o(.bss)
    mpu6500_tmp                              0x20000fc4   Data          28  mpu6500.o(.bss)
    mpu_fil_tmp                              0x20000fe0   Data          28  mpu6500.o(.bss)
    FILT_BUF                                 0x20000ffc   Data          98  mpu6500.o(.bss)
    mpu9250_data                             0x20001060   Data          20  mpu9250.o(.bss)
    stcAcc                                   0x20001078   Data          32  mpu9250.o(.bss)
    stcGyro                                  0x20001098   Data          32  mpu9250.o(.bss)
    stcAngle                                 0x200010b8   Data          32  mpu9250.o(.bss)
    stcMag                                   0x200010d8   Data          32  mpu9250.o(.bss)
    Pdot                                     0x200014e0   Data          16  filter.o(.bss)
    xQueueRegistry                           0x200078f0   Data          64  queue.o(.bss)
    __libspace_start                         0x20007a84   Data          96  libspace.o(.bss)
    __temporary_stack_top$libspace           0x20007ae4   Data           0  libspace.o(.bss)



==============================================================================

Memory Map of the image

  Image Entry point : 0x080001ad

  Load Region LR_IROM1 (Base: 0x08000000, Size: 0x0000f83c, Max: 0x00200000, ABSOLUTE, COMPRESSED[0x0000f190])

    Execution Region ER_IROM1 (Base: 0x08000000, Size: 0x0000ec3c, Max: 0x00200000, ABSOLUTE)

    Base Addr    Size         Type   Attr      Idx    E Section Name        Object

    0x08000000   0x000001ac   Data   RO         1097    RESET               startup_stm32f427xx.o
    0x080001ac   0x00000008   Code   RO         1679  * !!!main             c_w.l(__main.o)
    0x080001b4   0x00000034   Code   RO         1981    !!!scatter          c_w.l(__scatter.o)
    0x080001e8   0x0000005a   Code   RO         1979    !!dczerorl2         c_w.l(__dczerorl2.o)
    0x08000242   0x00000002   PAD
    0x08000244   0x0000001c   Code   RO         1983    !!handler_zi        c_w.l(__scatter_zi.o)
    0x08000260   0x00000002   Code   RO         1919    .ARM.Collect$$libinit$$00000000  c_w.l(libinit.o)
    0x08000262   0x00000004   Code   RO         1755    .ARM.Collect$$libinit$$00000001  c_w.l(libinit2.o)
    0x08000266   0x00000000   Code   RO         1758    .ARM.Collect$$libinit$$00000004  c_w.l(libinit2.o)
    0x08000266   0x00000008   Code   RO         1759    .ARM.Collect$$libinit$$00000005  c_w.l(libinit2.o)
    0x0800026e   0x00000000   Code   RO         1761    .ARM.Collect$$libinit$$0000000A  c_w.l(libinit2.o)
    0x0800026e   0x00000000   Code   RO         1763    .ARM.Collect$$libinit$$0000000C  c_w.l(libinit2.o)
    0x0800026e   0x00000000   Code   RO         1765    .ARM.Collect$$libinit$$0000000E  c_w.l(libinit2.o)
    0x0800026e   0x00000000   Code   RO         1768    .ARM.Collect$$libinit$$00000011  c_w.l(libinit2.o)
    0x0800026e   0x00000000   Code   RO         1770    .ARM.Collect$$libinit$$00000013  c_w.l(libinit2.o)
    0x0800026e   0x00000000   Code   RO         1772    .ARM.Collect$$libinit$$00000015  c_w.l(libinit2.o)
    0x0800026e   0x00000000   Code   RO         1774    .ARM.Collect$$libinit$$00000017  c_w.l(libinit2.o)
    0x0800026e   0x00000000   Code   RO         1776    .ARM.Collect$$libinit$$00000019  c_w.l(libinit2.o)
    0x0800026e   0x00000000   Code   RO         1778    .ARM.Collect$$libinit$$0000001B  c_w.l(libinit2.o)
    0x0800026e   0x00000000   Code   RO         1780    .ARM.Collect$$libinit$$0000001D  c_w.l(libinit2.o)
    0x0800026e   0x00000000   Code   RO         1782    .ARM.Collect$$libinit$$0000001F  c_w.l(libinit2.o)
    0x0800026e   0x00000000   Code   RO         1784    .ARM.Collect$$libinit$$00000021  c_w.l(libinit2.o)
    0x0800026e   0x00000000   Code   RO         1786    .ARM.Collect$$libinit$$00000023  c_w.l(libinit2.o)
    0x0800026e   0x00000000   Code   RO         1788    .ARM.Collect$$libinit$$00000025  c_w.l(libinit2.o)
    0x0800026e   0x00000000   Code   RO         1792    .ARM.Collect$$libinit$$0000002C  c_w.l(libinit2.o)
    0x0800026e   0x00000000   Code   RO         1794    .ARM.Collect$$libinit$$0000002E  c_w.l(libinit2.o)
    0x0800026e   0x00000000   Code   RO         1796    .ARM.Collect$$libinit$$00000030  c_w.l(libinit2.o)
    0x0800026e   0x00000000   Code   RO         1798    .ARM.Collect$$libinit$$00000032  c_w.l(libinit2.o)
    0x0800026e   0x00000002   Code   RO         1799    .ARM.Collect$$libinit$$00000033  c_w.l(libinit2.o)
    0x08000270   0x00000002   Code   RO         1976    .ARM.Collect$$libshutdown$$00000000  c_w.l(libshutdown.o)
    0x08000272   0x00000000   Code   RO         1934    .ARM.Collect$$libshutdown$$00000003  c_w.l(libshutdown2.o)
    0x08000272   0x00000000   Code   RO         1937    .ARM.Collect$$libshutdown$$00000006  c_w.l(libshutdown2.o)
    0x08000272   0x00000000   Code   RO         1940    .ARM.Collect$$libshutdown$$00000009  c_w.l(libshutdown2.o)
    0x08000272   0x00000000   Code   RO         1942    .ARM.Collect$$libshutdown$$0000000B  c_w.l(libshutdown2.o)
    0x08000272   0x00000000   Code   RO         1945    .ARM.Collect$$libshutdown$$0000000E  c_w.l(libshutdown2.o)
    0x08000272   0x00000002   Code   RO         1946    .ARM.Collect$$libshutdown$$0000000F  c_w.l(libshutdown2.o)
    0x08000274   0x00000000   Code   RO         1723    .ARM.Collect$$rtentry$$00000000  c_w.l(__rtentry.o)
    0x08000274   0x00000000   Code   RO         1855    .ARM.Collect$$rtentry$$00000002  c_w.l(__rtentry2.o)
    0x08000274   0x00000006   Code   RO         1867    .ARM.Collect$$rtentry$$00000004  c_w.l(__rtentry4.o)
    0x0800027a   0x00000000   Code   RO         1857    .ARM.Collect$$rtentry$$00000009  c_w.l(__rtentry2.o)
    0x0800027a   0x00000004   Code   RO         1858    .ARM.Collect$$rtentry$$0000000A  c_w.l(__rtentry2.o)
    0x0800027e   0x00000000   Code   RO         1860    .ARM.Collect$$rtentry$$0000000C  c_w.l(__rtentry2.o)
    0x0800027e   0x00000008   Code   RO         1861    .ARM.Collect$$rtentry$$0000000D  c_w.l(__rtentry2.o)
    0x08000286   0x00000002   Code   RO         1922    .ARM.Collect$$rtexit$$00000000  c_w.l(rtexit.o)
    0x08000288   0x00000000   Code   RO         1950    .ARM.Collect$$rtexit$$00000002  c_w.l(rtexit2.o)
    0x08000288   0x00000004   Code   RO         1951    .ARM.Collect$$rtexit$$00000003  c_w.l(rtexit2.o)
    0x0800028c   0x00000006   Code   RO         1952    .ARM.Collect$$rtexit$$00000004  c_w.l(rtexit2.o)
    0x08000292   0x00000002   PAD
    0x08000294   0x00000002   Code   RO          442    .emb_text           stm32f4xx_it.o
    0x08000296   0x00000002   PAD
    0x08000298   0x000000b6   Code   RO         1517    .emb_text           port.o
    0x0800034e   0x00000002   PAD
    0x08000350   0x00000000   Code   RO         1876    .emb_text           c_w.l(maybetermalloc1.o)
    0x08000350   0x00000584   Code   RO            4    .text               can1.o
    0x080008d4   0x0000001c   Code   RO          248    .text               dipanint.o
    0x080008f0   0x00000a10   Code   RO          276    .text               dipanctl.o
    0x08001300   0x000005ac   Code   RO          319    .text               can2.o
    0x080018ac   0x0000002c   Code   RO          350    .text               yuntaiint.o
    0x080018d8   0x00000a00   Code   RO          380    .text               yuntaictl.o
    0x080022d8   0x00000050   Code   RO          412    .text               main.o
    0x08002328   0x00000018   Code   RO          443    .text               stm32f4xx_it.o
    0x08002340   0x000002c4   Code   RO          473    .text               scheduler.o
    0x08002604   0x00000084   Code   RO          504    .text               init.o
    0x08002688   0x00000036   Code   RO          551    .text               delay.o
    0x080026be   0x0000002c   Code   RO          566    .text               iwdg.o
    0x080026ea   0x00000002   PAD
    0x080026ec   0x00000118   Code   RO          590    .text               key.o
    0x08002804   0x000000b0   Code   RO          620    .text               led.o
    0x080028b4   0x00000e74   Code   RO          644    .text               sbus.o
    0x08003728   0x00000614   Code   RO          683    .text               judgesystemn.o
    0x08003d3c   0x000006f0   Code   RO          716    .text               usart3.o
    0x0800442c   0x00000a98   Code   RO          747    .text               weapon.o
    0x08004ec4   0x000000e0   Code   RO          784    .text               misc.o
    0x08004fa4   0x00000ca2   Code   RO          808    .text               stm32f4xx_tim.o
    0x08005c46   0x00000002   PAD
    0x08005c48   0x00000660   Code   RO          856    .text               stm32f4xx_rcc.o
    0x080062a8   0x000009f0   Code   RO          882    .text               stm32f4xx_can.o
    0x08006c98   0x0000011c   Code   RO          906    .text               stm32f4xx_exti.o
    0x08006db4   0x00000294   Code   RO          930    .text               stm32f4xx_gpio.o
    0x08007048   0x000003a8   Code   RO          954    .text               stm32f4xx_dma.o
    0x080073f0   0x0000041a   Code   RO          978    .text               stm32f4xx_usart.o
    0x0800780a   0x00000002   PAD
    0x0800780c   0x0000008c   Code   RO         1002    .text               stm32f4xx_syscfg.o
    0x08007898   0x00000040   Code   RO         1026    .text               stm32f4xx_iwdg.o
    0x080078d8   0x00000480   Code   RO         1074    .text               stm32f4xx_spi.o
    0x08007d58   0x00000040   Code   RO         1098    .text               startup_stm32f427xx.o
    0x08007d98   0x00000210   Code   RO         1105    .text               system_stm32f4xx.o
    0x08007fa8   0x0000004c   Code   RO         1190    .text               imuint.o
    0x08007ff4   0x000005c8   Code   RO         1214    .text               ist8310.o
    0x080085bc   0x00000774   Code   RO         1245    .text               mpu6500.o
    0x08008d30   0x00000190   Code   RO         1277    .text               mpu6500_spi.o
    0x08008ec0   0x00000b54   Code   RO         1301    .text               mpu9250.o
    0x08009a14   0x00000658   Code   RO         1332    .text               filter.o
    0x0800a06c   0x00000694   Code   RO         1360    .text               mymath.o
    0x0800a700   0x00000508   Code   RO         1390    .text               pid_regulator.o
    0x0800ac08   0x00000124   Code   RO         1490    .text               heap_2.o
    0x0800ad2c   0x00000094   Code   RO         1505    .text               list.o
    0x0800adc0   0x0000030c   Code   RO         1518    .text               port.o
    0x0800b0cc   0x00000bec   Code   RO         1544    .text               queue.o
    0x0800bcb8   0x00001838   Code   RO         1562    .text               tasks.o
    0x0800d4f0   0x00000572   Code   RO         1581    .text               timers.o
    0x0800da62   0x0000005e   Code   RO         1611    .text               c_w.l(h1_alloc.o)
    0x0800dac0   0x0000004e   Code   RO         1613    .text               c_w.l(h1_free.o)
    0x0800db0e   0x0000008a   Code   RO         1669    .text               c_w.l(rt_memcpy_v6.o)
    0x0800db98   0x00000064   Code   RO         1671    .text               c_w.l(rt_memcpy_w.o)
    0x0800dbfc   0x00000010   Code   RO         1673    .text               c_w.l(aeabi_memset.o)
    0x0800dc0c   0x0000004e   Code   RO         1675    .text               c_w.l(rt_memclr_w.o)
    0x0800dc5a   0x00000006   Code   RO         1677    .text               c_w.l(heapauxi.o)
    0x0800dc60   0x00000008   Code   RO         1727    .text               c_w.l(rt_heap_descriptor_intlibspace.o)
    0x0800dc68   0x00000004   Code   RO         1729    .text               c_w.l(hguard.o)
    0x0800dc6c   0x0000008a   Code   RO         1731    .text               c_w.l(init_alloc.o)
    0x0800dcf6   0x0000000e   Code   RO         1735    .text               c_w.l(h1_init.o)
    0x0800dd04   0x00000044   Code   RO         1751    .text               c_w.l(rt_memclr.o)
    0x0800dd48   0x00000008   Code   RO         1851    .text               c_w.l(libspace.o)
    0x0800dd50   0x00000034   Code   RO         1878    .text               c_w.l(h1_extend.o)
    0x0800dd84   0x0000000e   Code   RO         1882    .text               c_w.l(defsig_rtmem_outer.o)
    0x0800dd92   0x00000002   Code   RO         1895    .text               c_w.l(use_no_semi.o)
    0x0800dd94   0x00000000   Code   RO         1897    .text               c_w.l(indicate_semi.o)
    0x0800dd94   0x0000004a   Code   RO         1898    .text               c_w.l(sys_stackheap_outer.o)
    0x0800ddde   0x0000000c   Code   RO         1904    .text               c_w.l(exit.o)
    0x0800ddea   0x0000000a   Code   RO         1906    .text               c_w.l(defsig_exit.o)
    0x0800ddf4   0x00000050   Code   RO         1908    .text               c_w.l(defsig_rtmem_inner.o)
    0x0800de44   0x0000000c   Code   RO         1920    .text               c_w.l(sys_exit.o)
    0x0800de50   0x00000032   Code   RO         1930    .text               c_w.l(defsig_general.o)
    0x0800de82   0x0000000e   Code   RO         1947    .text               c_w.l(sys_wrch.o)
    0x0800de90   0x00000062   Code   RO         1681    x$fpl$d2f           fz_wm.l(d2f.o)
    0x0800def2   0x00000002   PAD
    0x0800def4   0x00000150   Code   RO         1683    x$fpl$dadd          fz_wm.l(daddsub_clz.o)
    0x0800e044   0x00000018   Code   RO         1802    x$fpl$dcmpinf       fz_wm.l(dcmpi.o)
    0x0800e05c   0x000002b0   Code   RO         1690    x$fpl$ddiv          fz_wm.l(ddiv.o)
    0x0800e30c   0x0000002e   Code   RO         1694    x$fpl$dflt          fz_wm.l(dflt_clz.o)
    0x0800e33a   0x00000002   PAD
    0x0800e33c   0x00000078   Code   RO         1699    x$fpl$dleqf         fz_wm.l(dleqf.o)
    0x0800e3b4   0x00000154   Code   RO         1701    x$fpl$dmul          fz_wm.l(dmul.o)
    0x0800e508   0x0000009c   Code   RO         1804    x$fpl$dnaninf       fz_wm.l(dnaninf.o)
    0x0800e5a4   0x0000000c   Code   RO         1806    x$fpl$dretinf       fz_wm.l(dretinf.o)
    0x0800e5b0   0x0000006c   Code   RO         1703    x$fpl$drleqf        fz_wm.l(drleqf.o)
    0x0800e61c   0x00000016   Code   RO         1684    x$fpl$drsb          fz_wm.l(daddsub_clz.o)
    0x0800e632   0x00000002   PAD
    0x0800e634   0x000001d4   Code   RO         1685    x$fpl$dsub          fz_wm.l(daddsub_clz.o)
    0x0800e808   0x00000056   Code   RO         1705    x$fpl$f2d           fz_wm.l(f2d.o)
    0x0800e85e   0x0000008c   Code   RO         1808    x$fpl$fnaninf       fz_wm.l(fnaninf.o)
    0x0800e8ea   0x0000000a   Code   RO         1893    x$fpl$fpinit        fz_wm.l(fpinit.o)
    0x0800e8f4   0x0000000a   Code   RO         1810    x$fpl$fretinf       fz_wm.l(fretinf.o)
    0x0800e8fe   0x00000000   Code   RO         1812    x$fpl$usenofp       fz_wm.l(usenofp.o)
    0x0800e8fe   0x00000002   PAD
    0x0800e900   0x00000004   Data   RO          382    .constdata          yuntaictl.o
    0x0800e904   0x00000302   Data   RO          685    .constdata          judgesystemn.o
    0x0800ec06   0x00000002   PAD
    0x0800ec08   0x00000014   Data   RO         1247    .constdata          mpu6500.o
    0x0800ec1c   0x00000020   Data   RO         1977    Region$$Table       anon$$obj.o


    Execution Region RW_IRAM1 (Base: 0x20000000, Size: 0x000080e8, Max: 0x00030000, ABSOLUTE, COMPRESSED[0x00000554])

    Base Addr    Size         Type   Attr      Idx    E Section Name        Object

    0x20000000   0x00000020   Data   RW            6    .data               can1.o
    0x20000020   0x00000190   Data   RW          278    .data               dipanctl.o
    0x200001b0   0x00000048   Data   RW          321    .data               can2.o
    0x200001f8   0x00000009   Data   RW          351    .data               yuntaiint.o
    0x20000201   0x00000003   PAD
    0x20000204   0x00000204   Data   RW          383    .data               yuntaictl.o
    0x20000408   0x00000005   Data   RW          413    .data               main.o
    0x2000040d   0x00000003   PAD
    0x20000410   0x00000020   Data   RW          475    .data               scheduler.o
    0x20000430   0x00000006   Data   RW          591    .data               key.o
    0x20000436   0x00000002   PAD
    0x20000438   0x00000064   Data   RW          646    .data               sbus.o
    0x2000049c   0x0000002c   Data   RW          686    .data               judgesystemn.o
    0x200004c8   0x00000030   Data   RW          718    .data               usart3.o
    0x200004f8   0x00000158   Data   RW          748    .data               weapon.o
    0x20000650   0x00000010   Data   RW          857    .data               stm32f4xx_rcc.o
    0x20000660   0x00000014   Data   RW         1106    .data               system_stm32f4xx.o
    0x20000674   0x0000004a   Data   RW         1216    .data               ist8310.o
    0x200006be   0x00000002   PAD
    0x200006c0   0x0000001d   Data   RW         1248    .data               mpu6500.o
    0x200006dd   0x00000003   PAD
    0x200006e0   0x00000054   Data   RW         1303    .data               mpu9250.o
    0x20000734   0x0000005c   Data   RW         1334    .data               filter.o
    0x20000790   0x00000404   Data   RW         1361    .data               mymath.o
    0x20000b94   0x00000018   Data   RW         1492    .data               heap_2.o
    0x20000bac   0x0000000c   Data   RW         1519    .data               port.o
    0x20000bb8   0x00000038   Data   RW         1564    .data               tasks.o
    0x20000bf0   0x00000010   Data   RW         1583    .data               timers.o
    0x20000c00   0x00000050   Zero   RW            5    .bss                can1.o
    0x20000c50   0x00000128   Zero   RW          277    .bss                dipanctl.o
    0x20000d78   0x00000010   Zero   RW          320    .bss                can2.o
    0x20000d88   0x000000c8   Zero   RW          645    .bss                sbus.o
    0x20000e50   0x0000006c   Zero   RW          684    .bss                judgesystemn.o
    0x20000ebc   0x00000020   Zero   RW          717    .bss                usart3.o
    0x20000edc   0x0000000c   Zero   RW         1215    .bss                ist8310.o
    0x20000ee8   0x00000176   Zero   RW         1246    .bss                mpu6500.o
    0x2000105e   0x00000002   PAD
    0x20001060   0x00000480   Zero   RW         1302    .bss                mpu9250.o
    0x200014e0   0x00000010   Zero   RW         1333    .bss                filter.o
    0x200014f0   0x00006400   Zero   RW         1491    .bss                heap_2.o
    0x200078f0   0x00000040   Zero   RW         1545    .bss                queue.o
    0x20007930   0x0000012c   Zero   RW         1563    .bss                tasks.o
    0x20007a5c   0x00000028   Zero   RW         1582    .bss                timers.o
    0x20007a84   0x00000060   Zero   RW         1852    .bss                c_w.l(libspace.o)
    0x20007ae4   0x00000004   PAD
    0x20007ae8   0x00000200   Zero   RW         1096    HEAP                startup_stm32f427xx.o
    0x20007ce8   0x00000400   Zero   RW         1095    STACK               startup_stm32f427xx.o


==============================================================================

Image component sizes


      Code (inc. data)   RO Data    RW Data    ZI Data      Debug   Object Name

      1412         80          0         32         80     344515   can1.o
      1452        116          0         72         16       4203   can2.o
        54          0          0          0          0        808   delay.o
      2576        194          0        400        296       3992   dipanctl.o
        28          6          0          0          0        536   dipanint.o
         0          0          0          0          0       9768   event_groups.o
      1624        108          0         92         16       5432   filter.o
       292         20          0         24      25600       3180   heap_2.o
        76         12          0          0          0        554   imuint.o
       132          4          0          0          0        640   init.o
      1480         28          0         74         12       3312   ist8310.o
        44          0          0          0          0        678   iwdg.o
      1556        130        770         44        108       7557   judgesystemn.o
       280         18          0          6          0       1285   key.o
       176         14          0          0          0        603   led.o
       148          0          0          0          0       1946   list.o
        80         24          0          5          0        776   main.o
       224         20          0          0          0       1797   misc.o
      1908         84         20         29        374       7937   mpu6500.o
       400         10          0          0          0       1492   mpu6500_spi.o
      2900        220          0         84       1152       4663   mpu9250.o
      1684        110          0       1028          0       6087   mymath.o
      1288         36          0          0          0       2149   pid_regulator.o
       962         52          0         12          0       8695   port.o
      3052         14          0          0         64      14705   queue.o
      3700        344          0        100        200      35365   sbus.o
       708        182          0         32          0       3093   scheduler.o
        64         26        428          0       1536        820   startup_stm32f427xx.o
      2544         38          0          0          0       7944   stm32f4xx_can.o
       936         32          0          0          0       6273   stm32f4xx_dma.o
       284         10          0          0          0       2275   stm32f4xx_exti.o
       660         44          0          0          0       4073   stm32f4xx_gpio.o
        26          0          0          0          0       1459   stm32f4xx_it.o
        64          6          0          0          0       1321   stm32f4xx_iwdg.o
      1632         54          0         16          0      12916   stm32f4xx_rcc.o
      1152         36          0          0          0       6825   stm32f4xx_spi.o
       140         12          0          0          0       1675   stm32f4xx_syscfg.o
      3234         60          0          0          0      22276   stm32f4xx_tim.o
      1050         26          0          0          0       7752   stm32f4xx_usart.o
       528         46          0         20          0       1823   system_stm32f4xx.o
      6200        326          0         56        300      23960   tasks.o
      1394         58          0         16         40      12433   timers.o
      1776        120          0         48         32       3245   usart3.o
      2712        326          0        344          0       5142   weapon.o
      2560        338          4        516          0       5543   yuntaictl.o
        44         10          0          9          0        916   yuntaiint.o

    ----------------------------------------------------------------------
     55246       3394       1256       3072      29828     604439   Object Totals
         0          0         32          0          0          0   (incl. Generated)
        10          0          2         13          2          0   (incl. Padding)

    ----------------------------------------------------------------------

      Code (inc. data)   RO Data    RW Data    ZI Data      Debug   Library Member Name

        90          0          0          0          0          0   __dczerorl2.o
         8          0          0          0          0         68   __main.o
         0          0          0          0          0          0   __rtentry.o
        12          0          0          0          0          0   __rtentry2.o
         6          0          0          0          0          0   __rtentry4.o
        52          8          0          0          0          0   __scatter.o
        28          0          0          0          0          0   __scatter_zi.o
        16          0          0          0          0         68   aeabi_memset.o
        10          0          0          0          0         68   defsig_exit.o
        50          0          0          0          0         88   defsig_general.o
        80         58          0          0          0         76   defsig_rtmem_inner.o
        14          0          0          0          0         80   defsig_rtmem_outer.o
        12          0          0          0          0         72   exit.o
        94          0          0          0          0         80   h1_alloc.o
        52          0          0          0          0         68   h1_extend.o
        78          0          0          0          0         80   h1_free.o
        14          0          0          0          0         84   h1_init.o
         6          0          0          0          0        152   heapauxi.o
         4          0          0          0          0        136   hguard.o
         0          0          0          0          0          0   indicate_semi.o
       138          0          0          0          0        168   init_alloc.o
         2          0          0          0          0          0   libinit.o
        14          0          0          0          0          0   libinit2.o
         2          0          0          0          0          0   libshutdown.o
         2          0          0          0          0          0   libshutdown2.o
         8          4          0          0         96         68   libspace.o
         0          0          0          0          0          0   maybetermalloc1.o
         8          4          0          0          0         68   rt_heap_descriptor_intlibspace.o
        68          0          0          0          0         68   rt_memclr.o
        78          0          0          0          0         80   rt_memclr_w.o
       138          0          0          0          0         68   rt_memcpy_v6.o
       100          0          0          0          0         80   rt_memcpy_w.o
         2          0          0          0          0          0   rtexit.o
        10          0          0          0          0          0   rtexit2.o
        12          4          0          0          0         68   sys_exit.o
        74          0          0          0          0         80   sys_stackheap_outer.o
        14          0          0          0          0         76   sys_wrch.o
         2          0          0          0          0         68   use_no_semi.o
        98          4          0          0          0        140   d2f.o
       826         16          0          0          0        492   daddsub_clz.o
        24          0          0          0          0        116   dcmpi.o
       688        140          0          0          0        256   ddiv.o
        46          0          0          0          0        116   dflt_clz.o
       120          4          0          0          0        140   dleqf.o
       340         12          0          0          0        152   dmul.o
       156          4          0          0          0        140   dnaninf.o
        12          0          0          0          0        116   dretinf.o
       108          0          0          0          0        128   drleqf.o
        86          4          0          0          0        132   f2d.o
       140          4          0          0          0        132   fnaninf.o
        10          0          0          0          0        116   fpinit.o
        10          0          0          0          0        116   fretinf.o
         0          0          0          0          0          0   usenofp.o

    ----------------------------------------------------------------------
      3974        266          0          0        100       4304   Library Totals
        12          0          0          0          4          0   (incl. Padding)

    ----------------------------------------------------------------------

      Code (inc. data)   RO Data    RW Data    ZI Data      Debug   Library Name

      1298         78          0          0         96       2012   c_w.l
      2664        188          0          0          0       2292   fz_wm.l

    ----------------------------------------------------------------------
      3974        266          0          0        100       4304   Library Totals

    ----------------------------------------------------------------------

==============================================================================


      Code (inc. data)   RO Data    RW Data    ZI Data      Debug   

     59220       3660       1256       3072      29928     597051   Grand Totals
     59220       3660       1256       1364      29928     597051   ELF Image Totals (compressed)
     59220       3660       1256       1364          0          0   ROM Totals

==============================================================================

    Total RO  Size (Code + RO Data)                60476 (  59.06kB)
    Total RW  Size (RW Data + ZI Data)             33000 (  32.23kB)
    Total ROM Size (Code + RO Data + RW Data)      61840 (  60.39kB)

==============================================================================

