<html>
<body>
<pre>
<h1>礦ision Build Log</h1>
<h2>Tool Versions:</h2>
IDE-Version: μVision V5.14.0.0
Copyright (C) 2015 ARM Ltd and ARM Germany GmbH. All rights reserved.
License Information: cc cccc, cc, LIC=8VR63-AMI3U-5T43W-QYSU8-PZ1PW-ENW2N
 
Tool Versions:
Toolchain:       MDK-ARM Standard  Version: 5.14.0.0
Toolchain Path:  f:\Keil_v5\ARM\ARMCC\Bin
C Compiler:      Armcc.exe V5.05 update 1 (build 106)
Assembler:       Armasm.exe V5.05 update 1 (build 106)
Linker/Locator:  ArmLink.exe V5.05 update 1 (build 106)
Library Manager: ArmAr.exe V5.05 update 1 (build 106)
Hex Converter:   FromElf.exe V5.05 update 1 (build 106)
CPU DLL:         SARMCM3.DLL V5.14.0.0
Dialog DLL:      DCM.DLL V1.13.1.0
Target DLL:      STLink\ST-LINKIII-KEIL_SWO.dll V2.0.14.0_KEIL
Dialog DLL:      TCM.DLL V1.14.4.0
 
<h2>Project:</h2>
F:\qq下载\操作系统——步兵小银\Project\Robomaster_ZZ.uvprojx
Project File Date:  07/21/2018

<h2>Output:</h2>
Build target 'STM32F4'
compiling can1.c...
compiling dipanint.c...
compiling dipanctl.c...
compiling can2.c...
compiling yuntaiint.c...
compiling yuntaictl.c...
..\MLib\YunTai\yuntaictl.c(89): warning:  #1035-D: single-precision operand implicitly converted to double-precision
                                        {       min_out = 102.8*my_abs(YTPitAnglePID.err[1])+85.7;
..\MLib\YunTai\yuntaictl.c(102): warning:  #1035-D: single-precision operand implicitly converted to double-precision
                        if(my_abs(YTPitAnglePID.err[1]<0.3)) YTPitSpeedPID.componentKi = 0;
..\MLib\YunTai\yuntaictl.c: 2 warnings, 0 errors
compiling main.c...
compiling stm32f4xx_it.c...
compiling scheduler.c...
compiling init.c...
compiling delay.c...
compiling iwdg.c...
compiling key.c...
compiling led.c...
compiling SBUS.c...
compiling JudgeSystemN.c...
compiling usart3.c...
compiling Weapon.c...
..\MLib\Weapeon\Weapon.c(110): warning:  #177-D: variable "FirModelChooseDelay" was declared but never referenced
      static float FirModelChooseDelay = 0.0f;
..\MLib\Weapeon\Weapon.c(242): warning:  #223-D: function "PidCalcNoI" declared implicitly
          PidCalcNoI(&WeaBLNSpeedPid,timetick);
..\MLib\Weapeon\Weapon.c: 2 warnings, 0 errors
compiling misc.c...
compiling stm32f4xx_tim.c...
compiling stm32f4xx_adc.c...
compiling stm32f4xx_rcc.c...
compiling stm32f4xx_can.c...
compiling stm32f4xx_exti.c...
compiling stm32f4xx_gpio.c...
compiling stm32f4xx_dma.c...
compiling stm32f4xx_usart.c...
compiling stm32f4xx_syscfg.c...
compiling stm32f4xx_iwdg.c...
compiling stm32f4xx_i2c.c...
compiling stm32f4xx_spi.c...
assembling startup_stm32f427xx.s...
compiling system_stm32f4xx.c...
compiling ahrs.c...
compiling imu.c...
compiling imuint.c...
compiling IST8310.c...
compiling mpu6500.c...
compiling mpu6500_spi.c...
compiling mpu9250.c...
compiling filter.c...
compiling mymath.c...
compiling Pid_Regulator.c...
..\MLib\Math\Pid_Regulator.c(26): warning:  #1035-D: single-precision operand implicitly converted to double-precision
                if(my_abs(pid->err[1])>0.4)
..\MLib\Math\Pid_Regulator.c: 1 warning, 0 errors
compiling motor.c...
compiling croutine.c...
compiling event_groups.c...
compiling heap_2.c...
compiling list.c...
compiling port.c...
compiling queue.c...
compiling tasks.c...
compiling timers.c...
linking...
Program Size: Code=59220 RO-data=1256 RW-data=3072 ZI-data=29928  
FromELF: creating hex file...
".\Objects\Robomaster_ZZ.axf" - 0 Error(s), 5 Warning(s).

<h2>Software Packages used:</h2>

Package Vendor: ARM
                http://www.keil.com/pack/ARM.CMSIS.4.2.0.pack
                ARM::CMSIS:CORE:3.40.0
                CMSIS (Cortex Microcontroller Software Interface Standard)
   * Component: CORE Version: 3.40.0

<h2>Collection of Component include folders:</h2>
  F:\qq下载\操作系统——步兵小银\Project\RTE
  f:\Keil_v5\ARM\PACK\ARM\CMSIS\4.2.0\CMSIS\Include
  f:\Keil_v5\ARM\PACK\Keil\STM32F4xx_DFP\2.11.0

<h2>Collection of Component Files used:</h2>

   * Component: ARM::CMSIS:CORE:3.40.0
      Source file:   CMSIS\UserCodeTemplates\ARM\ITM_Retarget.c
</pre>
</body>
</html>
